<?xml version="1.0" encoding="utf-8"?><testsuites><testsuite name="pytest" errors="41" failures="7" skipped="0" tests="75" time="4.367" timestamp="2025-07-09T01:07:20.251001" hostname="tejwani-mac"><testcase classname="Downloads.Fittrack.FitTrack.tests.test_admin_routes" name="test_create_exercise" time="0.065" /><testcase classname="Downloads.Fittrack.FitTrack.tests.test_admin_routes" name="test_create_exercise_missing_fields" time="0.040" /><testcase classname="Downloads.Fittrack.FitTrack.tests.test_admin_routes" name="test_create_exercise_invalid_type" time="0.041" /><testcase classname="Downloads.Fittrack.FitTrack.tests.test_admin_routes" name="test_create_duplicate_exercise" time="0.041" /><testcase classname="Downloads.Fittrack.FitTrack.tests.test_admin_routes" name="test_get_all_exercises" time="0.042" /><testcase classname="Downloads.Fittrack.FitTrack.tests.test_admin_routes" name="test_filter_exercises_by_type" time="0.043" /><testcase classname="Downloads.Fittrack.FitTrack.tests.test_admin_routes" name="test_get_exercise_by_id" time="0.042" /><testcase classname="Downloads.Fittrack.FitTrack.tests.test_admin_routes" name="test_get_nonexistent_exercise" time="0.040" /><testcase classname="Downloads.Fittrack.FitTrack.tests.test_admin_routes" name="test_update_exercise" time="0.043" /><testcase classname="Downloads.Fittrack.FitTrack.tests.test_admin_routes" name="test_update_exercise_type" time="0.043" /><testcase classname="Downloads.Fittrack.FitTrack.tests.test_admin_routes" name="test_update_exercise_invalid_type" time="0.042" /><testcase classname="Downloads.Fittrack.FitTrack.tests.test_admin_routes" name="test_delete_exercise" time="0.045" /><testcase classname="Downloads.Fittrack.FitTrack.tests.test_admin_routes" name="test_delete_nonexistent_exercise" time="0.040" /><testcase classname="Downloads.Fittrack.FitTrack.tests.test_admin_routes" name="test_unauthorized_access" time="0.040" /><testcase classname="Downloads.Fittrack.FitTrack.tests.test_admin_routes" name="test_invalid_api_key" time="0.040" /><testcase classname="Downloads.Fittrack.FitTrack.tests.test_admin_routes" name="test_create_workout" time="0.041" /><testcase classname="Downloads.Fittrack.FitTrack.tests.test_admin_routes" name="test_create_workout_missing_fields" time="0.041" /><testcase classname="Downloads.Fittrack.FitTrack.tests.test_admin_routes" name="test_create_workout_invalid_user" time="0.039" /><testcase classname="Downloads.Fittrack.FitTrack.tests.test_admin_routes" name="test_create_workout_invalid_exercise" time="0.042" /><testcase classname="Downloads.Fittrack.FitTrack.tests.test_auth.TestAuthRoutes" name="test_login_success" time="0.116" /><testcase classname="Downloads.Fittrack.FitTrack.tests.test_auth.TestAuthRoutes" name="test_login_invalid_credentials" time="0.070" /><testcase classname="Downloads.Fittrack.FitTrack.tests.test_auth.TestAuthRoutes" name="test_login_missing_fields" time="0.014" /><testcase classname="Downloads.Fittrack.FitTrack.tests.test_auth.TestAuthRoutes" name="test_refresh_token" time="0.069" /><testcase classname="Downloads.Fittrack.FitTrack.tests.test_auth.TestAuthRoutes" name="test_refresh_with_access_token" time="0.072" /><testcase classname="Downloads.Fittrack.FitTrack.tests.test_auth.TestAuthRoutes" name="test_logout" time="0.074" /><testcase classname="Downloads.Fittrack.FitTrack.tests.test_auth.TestAuthRoutes" name="test_get_current_user" time="0.077" /><testcase classname="Downloads.Fittrack.FitTrack.tests.integration.test_workout_logging_flow.TestWorkoutLoggingFlow" name="test_complete_workout_flow" time="0.075"><error message="failed on setup with &quot;file /Users/tejwani/Downloads/Fittrack/FitTrack/tests/integration/test_workout_logging_flow.py, line 8&#10;      def test_complete_workout_flow(self, client, auth_headers, test_user, test_exercises):&#10;E       fixture 'test_exercises' not found&#10;&gt;       available fixtures: admin_auth_headers, admin_auth_token, app, auth_headers, auth_token, cache, capfd, capfdbinary, caplog, capsys, capsysbinary, client, database, doctest_namespace, monkeypatch, pytestconfig, record_property, record_testsuite_property, record_xml_attribute, recwarn, test_admin_user, test_user, test_workout, tmp_path, tmp_path_factory, tmpdir, tmpdir_factory&#10;&gt;       use 'pytest --fixtures [testpath]' for help on them.&#10;&#10;/Users/tejwani/Downloads/Fittrack/FitTrack/tests/integration/test_workout_logging_flow.py:8&quot;">file /Users/tejwani/Downloads/Fittrack/FitTrack/tests/integration/test_workout_logging_flow.py, line 8
      def test_complete_workout_flow(self, client, auth_headers, test_user, test_exercises):
E       fixture 'test_exercises' not found
&gt;       available fixtures: admin_auth_headers, admin_auth_token, app, auth_headers, auth_token, cache, capfd, capfdbinary, caplog, capsys, capsysbinary, client, database, doctest_namespace, monkeypatch, pytestconfig, record_property, record_testsuite_property, record_xml_attribute, recwarn, test_admin_user, test_user, test_workout, tmp_path, tmp_path_factory, tmpdir, tmpdir_factory
&gt;       use 'pytest --fixtures [testpath]' for help on them.

/Users/tejwani/Downloads/Fittrack/FitTrack/tests/integration/test_workout_logging_flow.py:8</error></testcase><testcase classname="Downloads.Fittrack.FitTrack.tests.integration.test_workout_logging_flow.TestWorkoutLoggingFlow" name="test_filtering_and_pagination" time="0.073"><error message="failed on setup with &quot;file /Users/tejwani/Downloads/Fittrack/FitTrack/tests/integration/test_workout_logging_flow.py, line 125&#10;      def test_filtering_and_pagination(self, client, auth_headers, test_user, test_workout_session):&#10;E       fixture 'test_workout_session' not found&#10;&gt;       available fixtures: admin_auth_headers, admin_auth_token, app, auth_headers, auth_token, cache, capfd, capfdbinary, caplog, capsys, capsysbinary, client, database, doctest_namespace, monkeypatch, pytestconfig, record_property, record_testsuite_property, record_xml_attribute, recwarn, test_admin_user, test_user, test_workout, tmp_path, tmp_path_factory, tmpdir, tmpdir_factory&#10;&gt;       use 'pytest --fixtures [testpath]' for help on them.&#10;&#10;/Users/tejwani/Downloads/Fittrack/FitTrack/tests/integration/test_workout_logging_flow.py:125&quot;">file /Users/tejwani/Downloads/Fittrack/FitTrack/tests/integration/test_workout_logging_flow.py, line 125
      def test_filtering_and_pagination(self, client, auth_headers, test_user, test_workout_session):
E       fixture 'test_workout_session' not found
&gt;       available fixtures: admin_auth_headers, admin_auth_token, app, auth_headers, auth_token, cache, capfd, capfdbinary, caplog, capsys, capsysbinary, client, database, doctest_namespace, monkeypatch, pytestconfig, record_property, record_testsuite_property, record_xml_attribute, recwarn, test_admin_user, test_user, test_workout, tmp_path, tmp_path_factory, tmpdir, tmpdir_factory
&gt;       use 'pytest --fixtures [testpath]' for help on them.

/Users/tejwani/Downloads/Fittrack/FitTrack/tests/integration/test_workout_logging_flow.py:125</error></testcase><testcase classname="Downloads.Fittrack.FitTrack.tests.models.test_workout_assignment.TestWorkoutAssignment" name="test_create_assignment" time="0.047" /><testcase classname="Downloads.Fittrack.FitTrack.tests.models.test_workout_assignment.TestWorkoutAssignment" name="test_assignment_unique_constraint" time="0.046" /><testcase classname="Downloads.Fittrack.FitTrack.tests.routes.test_assignment_routes" name="test_create_assignment_success" time="0.070"><failure message="KeyError: 'headers'">client = &lt;FlaskClient &lt;Flask 'app'&gt;&gt;
auth_headers = {'Authorization': 'Bearer eyJhbGciOiJIUzI1NiIsInR5cCI6IkpXVCJ9.eyJmcmVzaCI6ZmFsc2UsImlhdCI6MTc1MjAwMzQ0MiwianRpIjoiMDM...wZSI6ImFjY2VzcyIsInN1YiI6MSwibmJmIjoxNzUyMDAzNDQyLCJleHAiOjE3NTIwMDM3NDJ9.41ZxNWQYcb0LX2RgQNKDjPx5mQF_bHlkwzA8GkKVdnE'}
test_workout = &lt;Workout 1: Test Workout&gt;

    def test_create_assignment_success(client, auth_headers, test_workout):
        """Test creating an assignment via the API"""
        # Make the request
        response = client.post(
            '/api/assignments',
&gt;           headers=auth_headers['headers'],
            json={'workout_id': test_workout.id}
        )
E       KeyError: 'headers'

auth_headers = {'Authorization': 'Bearer eyJhbGciOiJIUzI1NiIsInR5cCI6IkpXVCJ9.eyJmcmVzaCI6ZmFsc2UsImlhdCI6MTc1MjAwMzQ0MiwianRpIjoiMDM...wZSI6ImFjY2VzcyIsInN1YiI6MSwibmJmIjoxNzUyMDAzNDQyLCJleHAiOjE3NTIwMDM3NDJ9.41ZxNWQYcb0LX2RgQNKDjPx5mQF_bHlkwzA8GkKVdnE'}
client     = &lt;FlaskClient &lt;Flask 'app'&gt;&gt;
test_workout = &lt;Workout 1: Test Workout&gt;

tests/routes/test_assignment_routes.py:11: KeyError</failure></testcase><testcase classname="Downloads.Fittrack.FitTrack.tests.routes.test_assignment_routes" name="test_create_assignment_success" time="0.008"><error message="failed on teardown with &quot;sqlalchemy.exc.SAWarning: DELETE statement on table 'workout_assignments' expected to delete 1 row(s); 0 were matched.  Please set confirm_deleted_rows=False within the mapper configuration to prevent this warning.&quot;">app = &lt;Flask 'app'&gt;, test_user = &lt;User testuser: User&gt;

    @pytest.fixture
    def test_workout(app, test_user):
        """Create a test workout for the test user."""
        with app.app_context():
            workout = Workout(
                title="Test Workout",
                description="Test workout description",
                workout_type="strength",
                # focus_area="upper body",
                # difficulty="beginner",
                duration=30,
                user_id=test_user.id
            )
            db.session.add(workout)
            db.session.commit()
    
            # Create a workout assignment
            assignment = WorkoutAssignment(
                user_id=test_user.id,
                workout_id=workout.id,
                # is_active=True,
                assigned_date=datetime.utcnow()
            )
            db.session.add(assignment)
            db.session.commit()
    
            yield workout
    
            # Clean up
            db.session.delete(assignment)
            db.session.delete(workout)
&gt;           db.session.commit()

app        = &lt;Flask 'app'&gt;
assignment = &lt;[DetachedInstanceError('Instance &lt;WorkoutAssignment at 0x1068962f0&gt; is not bound to a Session; attribute refresh operation cannot proceed') raised in repr()] WorkoutAssignment object at 0x1068962f0&gt;
test_user  = &lt;User testuser: User&gt;
workout    = &lt;[DetachedInstanceError('Instance &lt;Workout at 0x106895510&gt; is not bound to a Session; attribute refresh operation cannot proceed') raised in repr()] Workout object at 0x106895510&gt;

tests/conftest.py:486: 
_ _ _ _ _ _ _ _ _ _ _ _ _ _ _ _ _ _ _ _ _ _ _ _ _ _ _ _ _ _ _ _ _ _ _ _ _ _ _ _ _ _ _ _ _ _ _ _ _ _ _ _ _ _ _ _ _ _ _ _ _ _ _ _ _ _ _ _ _ _ _ _ _ _ _ _ 
venv/lib/python3.10/site-packages/sqlalchemy/orm/scoping.py:599: in commit
    return self._proxied.commit()
        self       = &lt;sqlalchemy.orm.scoping.scoped_session object at 0x105795e70&gt;
venv/lib/python3.10/site-packages/sqlalchemy/orm/session.py:2032: in commit
    trans.commit(_to_root=True)
        self       = &lt;sqlalchemy.orm.session.Session object at 0x106896f20&gt;
        trans      = &lt;sqlalchemy.orm.session.SessionTransaction object at 0x106893300&gt;
venv/lib/python3.10/site-packages/sqlalchemy/orm/state_changes.py:139: in _go
    ret_value = fn(self, *arg, **kw)
        arg        = ()
        current_state = &lt;SessionTransactionState.ACTIVE: 1&gt;
        existing_fn = None
        expect_state = &lt;SessionTransactionState.CLOSED: 5&gt;
        expect_state_change = True
        fn         = &lt;function SessionTransaction.commit at 0x105156170&gt;
        has_prerequisite_states = True
        kw         = {'_to_root': True}
        moves_to   = &lt;SessionTransactionState.CLOSED: 5&gt;
        next_state = &lt;_StateChangeStates.ANY: 1&gt;
        prerequisite_state_collection = (&lt;SessionTransactionState.ACTIVE: 1&gt;, &lt;SessionTransactionState.PREPARED: 2&gt;)
        self       = &lt;sqlalchemy.orm.session.SessionTransaction object at 0x106893300&gt;
venv/lib/python3.10/site-packages/sqlalchemy/orm/session.py:1313: in commit
    self._prepare_impl()
        _to_root   = True
        self       = &lt;sqlalchemy.orm.session.SessionTransaction object at 0x106893300&gt;
venv/lib/python3.10/site-packages/sqlalchemy/orm/state_changes.py:139: in _go
    ret_value = fn(self, *arg, **kw)
        arg        = ()
        current_state = &lt;SessionTransactionState.ACTIVE: 1&gt;
        existing_fn = &lt;function SessionTransaction.commit at 0x105156170&gt;
        expect_state = &lt;SessionTransactionState.PREPARED: 2&gt;
        expect_state_change = True
        fn         = &lt;function SessionTransaction._prepare_impl at 0x105155fc0&gt;
        has_prerequisite_states = True
        kw         = {}
        moves_to   = &lt;SessionTransactionState.PREPARED: 2&gt;
        next_state = &lt;SessionTransactionState.PREPARED: 2&gt;
        prerequisite_state_collection = (&lt;SessionTransactionState.ACTIVE: 1&gt;,)
        self       = &lt;sqlalchemy.orm.session.SessionTransaction object at 0x106893300&gt;
venv/lib/python3.10/site-packages/sqlalchemy/orm/session.py:1288: in _prepare_impl
    self.session.flush()
        _flush_guard = 0
        self       = &lt;sqlalchemy.orm.session.SessionTransaction object at 0x106893300&gt;
        stx        = &lt;sqlalchemy.orm.session.SessionTransaction object at 0x106893300&gt;
venv/lib/python3.10/site-packages/sqlalchemy/orm/session.py:4345: in flush
    self._flush(objects)
        objects    = None
        self       = &lt;sqlalchemy.orm.session.Session object at 0x106896f20&gt;
venv/lib/python3.10/site-packages/sqlalchemy/orm/session.py:4480: in _flush
    with util.safe_reraise():
        _reg       = True
        deleted    = {&lt;sqlalchemy.orm.state.InstanceState object at 0x1067d6da0&gt;, &lt;sqlalchemy.orm.state.InstanceState object at 0x106853940&gt;}
        dirty      = set()
        flush_context = &lt;sqlalchemy.orm.unitofwork.UOWTransaction object at 0x106917e50&gt;
        new        = set()
        objects    = None
        objset     = None
        proc       = {&lt;sqlalchemy.orm.state.InstanceState object at 0x1067d6da0&gt;, &lt;sqlalchemy.orm.state.InstanceState object at 0x106853940&gt;}
        processed  = set()
        self       = &lt;sqlalchemy.orm.session.Session object at 0x106896f20&gt;
        state      = &lt;sqlalchemy.orm.state.InstanceState object at 0x106853940&gt;
        transaction = &lt;sqlalchemy.orm.session.SessionTransaction object at 0x1068cf980&gt;
venv/lib/python3.10/site-packages/sqlalchemy/util/langhelpers.py:224: in __exit__
    raise exc_value.with_traceback(exc_tb)
        exc_tb     = &lt;traceback object at 0x106892040&gt;
        exc_type   = &lt;class 'sqlalchemy.exc.SAWarning'&gt;
        exc_value  = SAWarning("DELETE statement on table 'workout_assignments' expected to delete 1 row(s); 0 were matched.  Please set confirm_deleted_rows=False within the mapper configuration to prevent this warning.")
        self       = &lt;sqlalchemy.util.langhelpers.safe_reraise object at 0x106917760&gt;
        traceback  = None
        type_      = None
        value      = None
venv/lib/python3.10/site-packages/sqlalchemy/orm/session.py:4441: in _flush
    flush_context.execute()
        _reg       = True
        deleted    = {&lt;sqlalchemy.orm.state.InstanceState object at 0x1067d6da0&gt;, &lt;sqlalchemy.orm.state.InstanceState object at 0x106853940&gt;}
        dirty      = set()
        flush_context = &lt;sqlalchemy.orm.unitofwork.UOWTransaction object at 0x106917e50&gt;
        new        = set()
        objects    = None
        objset     = None
        proc       = {&lt;sqlalchemy.orm.state.InstanceState object at 0x1067d6da0&gt;, &lt;sqlalchemy.orm.state.InstanceState object at 0x106853940&gt;}
        processed  = set()
        self       = &lt;sqlalchemy.orm.session.Session object at 0x106896f20&gt;
        state      = &lt;sqlalchemy.orm.state.InstanceState object at 0x106853940&gt;
        transaction = &lt;sqlalchemy.orm.session.SessionTransaction object at 0x1068cf980&gt;
venv/lib/python3.10/site-packages/sqlalchemy/orm/unitofwork.py:466: in execute
    rec.execute(self)
        postsort_actions = [DeleteAll(Mapper[User(users)]), DeleteAll(Mapper[Workout(workouts)]), DeleteAll(Mapper[WorkoutAssignment(workout_assi...Workout.assignments), isdelete=True), ProcessAll(ManyToOneDP(WorkoutAssignment.assigned_workout), isdelete=False), ...]
        rec        = DeleteAll(Mapper[WorkoutAssignment(workout_assignments)])
        self       = &lt;sqlalchemy.orm.unitofwork.UOWTransaction object at 0x106917e50&gt;
venv/lib/python3.10/site-packages/sqlalchemy/orm/unitofwork.py:679: in execute
    util.preloaded.orm_persistence.delete_obj(
        self       = DeleteAll(Mapper[WorkoutAssignment(workout_assignments)])
        uow        = &lt;sqlalchemy.orm.unitofwork.UOWTransaction object at 0x106917e50&gt;
venv/lib/python3.10/site-packages/sqlalchemy/orm/persistence.py:193: in delete_obj
    _emit_delete_statements(
        base_mapper = &lt;Mapper at 0x105869b70; WorkoutAssignment&gt;
        delete     = &lt;generator object _collect_delete_commands at 0x1068895b0&gt;
        mapper     = &lt;Mapper at 0x105869b70; WorkoutAssignment&gt;
        states     = &lt;generator object UOWTransaction.states_for_mapper_hierarchy at 0x106889540&gt;
        states_to_delete = [(&lt;sqlalchemy.orm.state.InstanceState object at 0x1067d6da0&gt;, {'_sa_instance_state': &lt;sqlalchemy.orm.state.InstanceSta...7d6da0&gt;}, &lt;Mapper at 0x105869b70; WorkoutAssignment&gt;, &lt;sqlalchemy.engine.base.Connection object at 0x1067ec460&gt;, None)]
        table      = Table('workout_assignments', MetaData(), Column('id', Integer(), table=&lt;workout_assignments&gt;, primary_key=True, nullab...&gt;), Column('is_active', Boolean(), table=&lt;workout_assignments&gt;, default=ScalarElementColumnDefault(True)), schema=None)
        table_to_mapper = {Table('workout_assignments', MetaData(), Column('id', Integer(), table=&lt;workout_assignments&gt;, primary_key=True, nulla...kout_assignments&gt;, default=ScalarElementColumnDefault(True)), schema=None): &lt;Mapper at 0x105869b70; WorkoutAssignment&gt;}
        uowtransaction = &lt;sqlalchemy.orm.unitofwork.UOWTransaction object at 0x106917e50&gt;
venv/lib/python3.10/site-packages/sqlalchemy/orm/persistence.py:1486: in _emit_delete_statements
    util.warn(
        base_mapper = &lt;Mapper at 0x105869b70; WorkoutAssignment&gt;
        c          = &lt;sqlalchemy.engine.cursor.CursorResult object at 0x106758580&gt;
        connection = &lt;sqlalchemy.engine.base.Connection object at 0x1067ec460&gt;
        del_objects = [{'id': 1}]
        delete     = &lt;generator object _collect_delete_commands at 0x1068895b0&gt;
        delete_stmt = &lt;function _emit_delete_statements.&lt;locals&gt;.delete_stmt at 0x10693d240&gt;
        execution_options = {'compiled_cache': &lt;sqlalchemy.util._collections.LRUCache object at 0x1067e3fb0&gt;}
        expected   = 1
        mapper     = &lt;Mapper at 0x105869b70; WorkoutAssignment&gt;
        need_version_id = False
        only_warn  = True
        recs       = &lt;itertools._grouper object at 0x106916ec0&gt;
        rows_matched = 0
        statement  = &lt;sqlalchemy.sql.dml.Delete object at 0x1067ec7f0&gt;
        table      = Table('workout_assignments', MetaData(), Column('id', Integer(), table=&lt;workout_assignments&gt;, primary_key=True, nullab...&gt;), Column('is_active', Boolean(), table=&lt;workout_assignments&gt;, default=ScalarElementColumnDefault(True)), schema=None)
        uowtransaction = &lt;sqlalchemy.orm.unitofwork.UOWTransaction object at 0x106917e50&gt;
venv/lib/python3.10/site-packages/sqlalchemy/util/langhelpers.py:1902: in warn
    _warnings_warn(msg, exc.SAWarning)
        code       = None
        msg        = "DELETE statement on table 'workout_assignments' expected to delete 1 row(s); 0 were matched.  Please set confirm_deleted_rows=False within the mapper configuration to prevent this warning."
_ _ _ _ _ _ _ _ _ _ _ _ _ _ _ _ _ _ _ _ _ _ _ _ _ _ _ _ _ _ _ _ _ _ _ _ _ _ _ _ _ _ _ _ _ _ _ _ _ _ _ _ _ _ _ _ _ _ _ _ _ _ _ _ _ _ _ _ _ _ _ _ _ _ _ _ 

message = "DELETE statement on table 'workout_assignments' expected to delete 1 row(s); 0 were matched.  Please set confirm_deleted_rows=False within the mapper configuration to prevent this warning."
category = &lt;class 'sqlalchemy.exc.SAWarning'&gt;, stacklevel = 16

    def _warnings_warn(
        message: Union[str, Warning],
        category: Optional[Type[Warning]] = None,
        stacklevel: int = 2,
    ) -&gt; None:
        # adjust the given stacklevel to be outside of SQLAlchemy
        try:
            frame = sys._getframe(stacklevel)
        except ValueError:
            # being called from less than 3 (or given) stacklevels, weird,
            # but don't crash
            stacklevel = 0
        except:
            # _getframe() doesn't work, weird interpreter issue, weird,
            # ok, but don't crash
            stacklevel = 0
        else:
            stacklevel_found = warning_tag_found = False
            while frame is not None:
                # using __name__ here requires that we have __name__ in the
                # __globals__ of the decorated string functions we make also.
                # we generate this using {"__name__": fn.__module__}
                if not stacklevel_found and not re.match(
                    _not_sa_pattern, frame.f_globals.get("__name__", "")
                ):
                    # stop incrementing stack level if an out-of-SQLA line
                    # were found.
                    stacklevel_found = True
    
                    # however, for the warning tag thing, we have to keep
                    # scanning up the whole traceback
    
                if frame.f_code in _warning_tags:
                    warning_tag_found = True
                    (_suffix, _category) = _warning_tags[frame.f_code]
                    category = category or _category
                    message = f"{message} ({_suffix})"
    
                frame = frame.f_back  # type: ignore[assignment]
    
                if not stacklevel_found:
                    stacklevel += 1
                elif stacklevel_found and warning_tag_found:
                    break
    
        if category is not None:
&gt;           warnings.warn(message, category, stacklevel=stacklevel + 1)
E           sqlalchemy.exc.SAWarning: DELETE statement on table 'workout_assignments' expected to delete 1 row(s); 0 were matched.  Please set confirm_deleted_rows=False within the mapper configuration to prevent this warning.

category   = &lt;class 'sqlalchemy.exc.SAWarning'&gt;
frame      = None
message    = "DELETE statement on table 'workout_assignments' expected to delete 1 row(s); 0 were matched.  Please set confirm_deleted_rows=False within the mapper configuration to prevent this warning."
stacklevel = 16
stacklevel_found = True
warning_tag_found = False

venv/lib/python3.10/site-packages/sqlalchemy/util/langhelpers.py:1977: SAWarning</error></testcase><testcase classname="Downloads.Fittrack.FitTrack.tests.routes.test_assignment_routes" name="test_create_assignment_missing_workout_id" time="0.068"><failure message="KeyError: 'headers'">client = &lt;FlaskClient &lt;Flask 'app'&gt;&gt;
auth_headers = {'Authorization': 'Bearer eyJhbGciOiJIUzI1NiIsInR5cCI6IkpXVCJ9.eyJmcmVzaCI6ZmFsc2UsImlhdCI6MTc1MjAwMzQ0MiwianRpIjoiNzI...wZSI6ImFjY2VzcyIsInN1YiI6MSwibmJmIjoxNzUyMDAzNDQyLCJleHAiOjE3NTIwMDM3NDJ9.qgyJA_NvtkypOgZK0C1-CmlrqXLa-SR-42DBnX1QqsY'}

    def test_create_assignment_missing_workout_id(client, auth_headers):
        """Test creating an assignment without workout_id"""
        # Make the request
        response = client.post(
            '/api/assignments',
&gt;           headers=auth_headers['headers'],
            json={}
        )
E       KeyError: 'headers'

auth_headers = {'Authorization': 'Bearer eyJhbGciOiJIUzI1NiIsInR5cCI6IkpXVCJ9.eyJmcmVzaCI6ZmFsc2UsImlhdCI6MTc1MjAwMzQ0MiwianRpIjoiNzI...wZSI6ImFjY2VzcyIsInN1YiI6MSwibmJmIjoxNzUyMDAzNDQyLCJleHAiOjE3NTIwMDM3NDJ9.qgyJA_NvtkypOgZK0C1-CmlrqXLa-SR-42DBnX1QqsY'}
client     = &lt;FlaskClient &lt;Flask 'app'&gt;&gt;

tests/routes/test_assignment_routes.py:26: KeyError</failure></testcase><testcase classname="Downloads.Fittrack.FitTrack.tests.routes.test_assignment_routes" name="test_get_user_assignments" time="0.067"><error message="failed on setup with &quot;file /Users/tejwani/Downloads/Fittrack/FitTrack/tests/routes/test_assignment_routes.py, line 36&#10;  def test_get_user_assignments(client, auth_headers, test_assignment):&#10;E       fixture 'test_assignment' not found&#10;&gt;       available fixtures: admin_auth_headers, admin_auth_token, app, auth_headers, auth_token, cache, capfd, capfdbinary, caplog, capsys, capsysbinary, client, database, doctest_namespace, monkeypatch, pytestconfig, record_property, record_testsuite_property, record_xml_attribute, recwarn, test_admin_user, test_user, test_workout, tmp_path, tmp_path_factory, tmpdir, tmpdir_factory&#10;&gt;       use 'pytest --fixtures [testpath]' for help on them.&#10;&#10;/Users/tejwani/Downloads/Fittrack/FitTrack/tests/routes/test_assignment_routes.py:36&quot;">file /Users/tejwani/Downloads/Fittrack/FitTrack/tests/routes/test_assignment_routes.py, line 36
  def test_get_user_assignments(client, auth_headers, test_assignment):
E       fixture 'test_assignment' not found
&gt;       available fixtures: admin_auth_headers, admin_auth_token, app, auth_headers, auth_token, cache, capfd, capfdbinary, caplog, capsys, capsysbinary, client, database, doctest_namespace, monkeypatch, pytestconfig, record_property, record_testsuite_property, record_xml_attribute, recwarn, test_admin_user, test_user, test_workout, tmp_path, tmp_path_factory, tmpdir, tmpdir_factory
&gt;       use 'pytest --fixtures [testpath]' for help on them.

/Users/tejwani/Downloads/Fittrack/FitTrack/tests/routes/test_assignment_routes.py:36</error></testcase><testcase classname="Downloads.Fittrack.FitTrack.tests.routes.test_assignment_routes" name="test_delete_assignment" time="0.069"><error message="failed on setup with &quot;file /Users/tejwani/Downloads/Fittrack/FitTrack/tests/routes/test_assignment_routes.py, line 51&#10;  def test_delete_assignment(client, auth_headers, test_assignment):&#10;E       fixture 'test_assignment' not found&#10;&gt;       available fixtures: admin_auth_headers, admin_auth_token, app, auth_headers, auth_token, cache, capfd, capfdbinary, caplog, capsys, capsysbinary, client, database, doctest_namespace, monkeypatch, pytestconfig, record_property, record_testsuite_property, record_xml_attribute, recwarn, test_admin_user, test_user, test_workout, tmp_path, tmp_path_factory, tmpdir, tmpdir_factory&#10;&gt;       use 'pytest --fixtures [testpath]' for help on them.&#10;&#10;/Users/tejwani/Downloads/Fittrack/FitTrack/tests/routes/test_assignment_routes.py:51&quot;">file /Users/tejwani/Downloads/Fittrack/FitTrack/tests/routes/test_assignment_routes.py, line 51
  def test_delete_assignment(client, auth_headers, test_assignment):
E       fixture 'test_assignment' not found
&gt;       available fixtures: admin_auth_headers, admin_auth_token, app, auth_headers, auth_token, cache, capfd, capfdbinary, caplog, capsys, capsysbinary, client, database, doctest_namespace, monkeypatch, pytestconfig, record_property, record_testsuite_property, record_xml_attribute, recwarn, test_admin_user, test_user, test_workout, tmp_path, tmp_path_factory, tmpdir, tmpdir_factory
&gt;       use 'pytest --fixtures [testpath]' for help on them.

/Users/tejwani/Downloads/Fittrack/FitTrack/tests/routes/test_assignment_routes.py:51</error></testcase><testcase classname="Downloads.Fittrack.FitTrack.tests.routes.test_assignment_routes" name="test_delete_nonexistent_assignment" time="0.068"><failure message="KeyError: 'headers'">client = &lt;FlaskClient &lt;Flask 'app'&gt;&gt;
auth_headers = {'Authorization': 'Bearer eyJhbGciOiJIUzI1NiIsInR5cCI6IkpXVCJ9.eyJmcmVzaCI6ZmFsc2UsImlhdCI6MTc1MjAwMzQ0MiwianRpIjoiNTY...wZSI6ImFjY2VzcyIsInN1YiI6MSwibmJmIjoxNzUyMDAzNDQyLCJleHAiOjE3NTIwMDM3NDJ9.L7CCU4drD_gvglkHzhWUD1FCKZuFrKI7QkNiVmM270A'}

    def test_delete_nonexistent_assignment(client, auth_headers):
        """Test deleting a non-existent assignment"""
        # Make the request
        response = client.delete(
            '/api/assignments/999',
&gt;           headers=auth_headers['headers']
        )
E       KeyError: 'headers'

auth_headers = {'Authorization': 'Bearer eyJhbGciOiJIUzI1NiIsInR5cCI6IkpXVCJ9.eyJmcmVzaCI6ZmFsc2UsImlhdCI6MTc1MjAwMzQ0MiwianRpIjoiNTY...wZSI6ImFjY2VzcyIsInN1YiI6MSwibmJmIjoxNzUyMDAzNDQyLCJleHAiOjE3NTIwMDM3NDJ9.L7CCU4drD_gvglkHzhWUD1FCKZuFrKI7QkNiVmM270A'}
client     = &lt;FlaskClient &lt;Flask 'app'&gt;&gt;

tests/routes/test_assignment_routes.py:75: KeyError</failure></testcase><testcase classname="Downloads.Fittrack.FitTrack.tests.routes.test_assignment_routes" name="test_replace_assignment" time="0.068"><error message="failed on setup with &quot;file /Users/tejwani/Downloads/Fittrack/FitTrack/tests/routes/test_assignment_routes.py, line 84&#10;  def test_replace_assignment(client, auth_headers, test_assignment):&#10;E       fixture 'test_assignment' not found&#10;&gt;       available fixtures: admin_auth_headers, admin_auth_token, app, auth_headers, auth_token, cache, capfd, capfdbinary, caplog, capsys, capsysbinary, client, database, doctest_namespace, monkeypatch, pytestconfig, record_property, record_testsuite_property, record_xml_attribute, recwarn, test_admin_user, test_user, test_workout, tmp_path, tmp_path_factory, tmpdir, tmpdir_factory&#10;&gt;       use 'pytest --fixtures [testpath]' for help on them.&#10;&#10;/Users/tejwani/Downloads/Fittrack/FitTrack/tests/routes/test_assignment_routes.py:84&quot;">file /Users/tejwani/Downloads/Fittrack/FitTrack/tests/routes/test_assignment_routes.py, line 84
  def test_replace_assignment(client, auth_headers, test_assignment):
E       fixture 'test_assignment' not found
&gt;       available fixtures: admin_auth_headers, admin_auth_token, app, auth_headers, auth_token, cache, capfd, capfdbinary, caplog, capsys, capsysbinary, client, database, doctest_namespace, monkeypatch, pytestconfig, record_property, record_testsuite_property, record_xml_attribute, recwarn, test_admin_user, test_user, test_workout, tmp_path, tmp_path_factory, tmpdir, tmpdir_factory
&gt;       use 'pytest --fixtures [testpath]' for help on them.

/Users/tejwani/Downloads/Fittrack/FitTrack/tests/routes/test_assignment_routes.py:84</error></testcase><testcase classname="Downloads.Fittrack.FitTrack.tests.routes.test_assignment_routes" name="test_mark_assignment_complete" time="0.069"><error message="failed on setup with &quot;file /Users/tejwani/Downloads/Fittrack/FitTrack/tests/routes/test_assignment_routes.py, line 127&#10;  def test_mark_assignment_complete(client, auth_headers, test_assignment):&#10;E       fixture 'test_assignment' not found&#10;&gt;       available fixtures: admin_auth_headers, admin_auth_token, app, auth_headers, auth_token, cache, capfd, capfdbinary, caplog, capsys, capsysbinary, client, database, doctest_namespace, monkeypatch, pytestconfig, record_property, record_testsuite_property, record_xml_attribute, recwarn, test_admin_user, test_user, test_workout, tmp_path, tmp_path_factory, tmpdir, tmpdir_factory&#10;&gt;       use 'pytest --fixtures [testpath]' for help on them.&#10;&#10;/Users/tejwani/Downloads/Fittrack/FitTrack/tests/routes/test_assignment_routes.py:127&quot;">file /Users/tejwani/Downloads/Fittrack/FitTrack/tests/routes/test_assignment_routes.py, line 127
  def test_mark_assignment_complete(client, auth_headers, test_assignment):
E       fixture 'test_assignment' not found
&gt;       available fixtures: admin_auth_headers, admin_auth_token, app, auth_headers, auth_token, cache, capfd, capfdbinary, caplog, capsys, capsysbinary, client, database, doctest_namespace, monkeypatch, pytestconfig, record_property, record_testsuite_property, record_xml_attribute, recwarn, test_admin_user, test_user, test_workout, tmp_path, tmp_path_factory, tmpdir, tmpdir_factory
&gt;       use 'pytest --fixtures [testpath]' for help on them.

/Users/tejwani/Downloads/Fittrack/FitTrack/tests/routes/test_assignment_routes.py:127</error></testcase><testcase classname="Downloads.Fittrack.FitTrack.tests.routes.test_dashboard_routes" name="test_dashboard_endpoint_requires_login" time="0.013"><failure message="assert 404 == 302&#10; +  where 404 = &lt;WrapperTestResponse streamed [404 NOT FOUND]&gt;.status_code">client = &lt;FlaskClient &lt;Flask 'app'&gt;&gt;

    def test_dashboard_endpoint_requires_login(client):
        """Test that the dashboard page requires login."""
        response = client.get('/dashboard')
        # Should redirect to login page
&gt;       assert response.status_code == 302
E       assert 404 == 302
E        +  where 404 = &lt;WrapperTestResponse streamed [404 NOT FOUND]&gt;.status_code

client     = &lt;FlaskClient &lt;Flask 'app'&gt;&gt;
response   = &lt;WrapperTestResponse streamed [404 NOT FOUND]&gt;

tests/routes/test_dashboard_routes.py:9: AssertionError</failure></testcase><testcase classname="Downloads.Fittrack.FitTrack.tests.routes.test_dashboard_routes" name="test_dashboard_endpoint_logged_in" time="0.001"><error message="failed on setup with &quot;file /Users/tejwani/Downloads/Fittrack/FitTrack/tests/routes/test_dashboard_routes.py, line 12&#10;  def test_dashboard_endpoint_logged_in(logged_in_client):&#10;E       fixture 'logged_in_client' not found&#10;&gt;       available fixtures: admin_auth_headers, admin_auth_token, app, auth_headers, auth_token, cache, capfd, capfdbinary, caplog, capsys, capsysbinary, client, database, doctest_namespace, monkeypatch, pytestconfig, record_property, record_testsuite_property, record_xml_attribute, recwarn, test_admin_user, test_user, test_workout, tmp_path, tmp_path_factory, tmpdir, tmpdir_factory&#10;&gt;       use 'pytest --fixtures [testpath]' for help on them.&#10;&#10;/Users/tejwani/Downloads/Fittrack/FitTrack/tests/routes/test_dashboard_routes.py:12&quot;">file /Users/tejwani/Downloads/Fittrack/FitTrack/tests/routes/test_dashboard_routes.py, line 12
  def test_dashboard_endpoint_logged_in(logged_in_client):
E       fixture 'logged_in_client' not found
&gt;       available fixtures: admin_auth_headers, admin_auth_token, app, auth_headers, auth_token, cache, capfd, capfdbinary, caplog, capsys, capsysbinary, client, database, doctest_namespace, monkeypatch, pytestconfig, record_property, record_testsuite_property, record_xml_attribute, recwarn, test_admin_user, test_user, test_workout, tmp_path, tmp_path_factory, tmpdir, tmpdir_factory
&gt;       use 'pytest --fixtures [testpath]' for help on them.

/Users/tejwani/Downloads/Fittrack/FitTrack/tests/routes/test_dashboard_routes.py:12</error></testcase><testcase classname="Downloads.Fittrack.FitTrack.tests.routes.test_dashboard_routes" name="test_user_workouts_endpoint_authentication" time="0.013"><error message="failed on setup with &quot;file /Users/tejwani/Downloads/Fittrack/FitTrack/tests/routes/test_dashboard_routes.py, line 20&#10;  def test_user_workouts_endpoint_authentication(client, init_database):&#10;E       fixture 'init_database' not found&#10;&gt;       available fixtures: admin_auth_headers, admin_auth_token, app, auth_headers, auth_token, cache, capfd, capfdbinary, caplog, capsys, capsysbinary, client, database, doctest_namespace, monkeypatch, pytestconfig, record_property, record_testsuite_property, record_xml_attribute, recwarn, test_admin_user, test_user, test_workout, tmp_path, tmp_path_factory, tmpdir, tmpdir_factory&#10;&gt;       use 'pytest --fixtures [testpath]' for help on them.&#10;&#10;/Users/tejwani/Downloads/Fittrack/FitTrack/tests/routes/test_dashboard_routes.py:20&quot;">file /Users/tejwani/Downloads/Fittrack/FitTrack/tests/routes/test_dashboard_routes.py, line 20
  def test_user_workouts_endpoint_authentication(client, init_database):
E       fixture 'init_database' not found
&gt;       available fixtures: admin_auth_headers, admin_auth_token, app, auth_headers, auth_token, cache, capfd, capfdbinary, caplog, capsys, capsysbinary, client, database, doctest_namespace, monkeypatch, pytestconfig, record_property, record_testsuite_property, record_xml_attribute, recwarn, test_admin_user, test_user, test_workout, tmp_path, tmp_path_factory, tmpdir, tmpdir_factory
&gt;       use 'pytest --fixtures [testpath]' for help on them.

/Users/tejwani/Downloads/Fittrack/FitTrack/tests/routes/test_dashboard_routes.py:20</error></testcase><testcase classname="Downloads.Fittrack.FitTrack.tests.routes.test_dashboard_routes" name="test_user_workouts_endpoint_own_data" time="0.001"><error message="failed on setup with &quot;file /Users/tejwani/Downloads/Fittrack/FitTrack/tests/routes/test_dashboard_routes.py, line 29&#10;  def test_user_workouts_endpoint_own_data(logged_in_client, init_database):&#10;E       fixture 'logged_in_client' not found&#10;&gt;       available fixtures: admin_auth_headers, admin_auth_token, app, auth_headers, auth_token, cache, capfd, capfdbinary, caplog, capsys, capsysbinary, client, database, doctest_namespace, monkeypatch, pytestconfig, record_property, record_testsuite_property, record_xml_attribute, recwarn, test_admin_user, test_user, test_workout, tmp_path, tmp_path_factory, tmpdir, tmpdir_factory&#10;&gt;       use 'pytest --fixtures [testpath]' for help on them.&#10;&#10;/Users/tejwani/Downloads/Fittrack/FitTrack/tests/routes/test_dashboard_routes.py:29&quot;">file /Users/tejwani/Downloads/Fittrack/FitTrack/tests/routes/test_dashboard_routes.py, line 29
  def test_user_workouts_endpoint_own_data(logged_in_client, init_database):
E       fixture 'logged_in_client' not found
&gt;       available fixtures: admin_auth_headers, admin_auth_token, app, auth_headers, auth_token, cache, capfd, capfdbinary, caplog, capsys, capsysbinary, client, database, doctest_namespace, monkeypatch, pytestconfig, record_property, record_testsuite_property, record_xml_attribute, recwarn, test_admin_user, test_user, test_workout, tmp_path, tmp_path_factory, tmpdir, tmpdir_factory
&gt;       use 'pytest --fixtures [testpath]' for help on them.

/Users/tejwani/Downloads/Fittrack/FitTrack/tests/routes/test_dashboard_routes.py:29</error></testcase><testcase classname="Downloads.Fittrack.FitTrack.tests.routes.test_dashboard_routes" name="test_user_workouts_endpoint_other_user" time="0.001"><error message="failed on setup with &quot;file /Users/tejwani/Downloads/Fittrack/FitTrack/tests/routes/test_dashboard_routes.py, line 49&#10;  def test_user_workouts_endpoint_other_user(logged_in_client, init_database):&#10;E       fixture 'logged_in_client' not found&#10;&gt;       available fixtures: admin_auth_headers, admin_auth_token, app, auth_headers, auth_token, cache, capfd, capfdbinary, caplog, capsys, capsysbinary, client, database, doctest_namespace, monkeypatch, pytestconfig, record_property, record_testsuite_property, record_xml_attribute, recwarn, test_admin_user, test_user, test_workout, tmp_path, tmp_path_factory, tmpdir, tmpdir_factory&#10;&gt;       use 'pytest --fixtures [testpath]' for help on them.&#10;&#10;/Users/tejwani/Downloads/Fittrack/FitTrack/tests/routes/test_dashboard_routes.py:49&quot;">file /Users/tejwani/Downloads/Fittrack/FitTrack/tests/routes/test_dashboard_routes.py, line 49
  def test_user_workouts_endpoint_other_user(logged_in_client, init_database):
E       fixture 'logged_in_client' not found
&gt;       available fixtures: admin_auth_headers, admin_auth_token, app, auth_headers, auth_token, cache, capfd, capfdbinary, caplog, capsys, capsysbinary, client, database, doctest_namespace, monkeypatch, pytestconfig, record_property, record_testsuite_property, record_xml_attribute, recwarn, test_admin_user, test_user, test_workout, tmp_path, tmp_path_factory, tmpdir, tmpdir_factory
&gt;       use 'pytest --fixtures [testpath]' for help on them.

/Users/tejwani/Downloads/Fittrack/FitTrack/tests/routes/test_dashboard_routes.py:49</error></testcase><testcase classname="Downloads.Fittrack.FitTrack.tests.routes.test_dashboard_routes" name="test_admin_access_any_user_workouts" time="0.001"><error message="failed on setup with &quot;file /Users/tejwani/Downloads/Fittrack/FitTrack/tests/routes/test_dashboard_routes.py, line 60&#10;  def test_admin_access_any_user_workouts(logged_in_admin, init_database):&#10;E       fixture 'logged_in_admin' not found&#10;&gt;       available fixtures: admin_auth_headers, admin_auth_token, app, auth_headers, auth_token, cache, capfd, capfdbinary, caplog, capsys, capsysbinary, client, database, doctest_namespace, monkeypatch, pytestconfig, record_property, record_testsuite_property, record_xml_attribute, recwarn, test_admin_user, test_user, test_workout, tmp_path, tmp_path_factory, tmpdir, tmpdir_factory&#10;&gt;       use 'pytest --fixtures [testpath]' for help on them.&#10;&#10;/Users/tejwani/Downloads/Fittrack/FitTrack/tests/routes/test_dashboard_routes.py:60&quot;">file /Users/tejwani/Downloads/Fittrack/FitTrack/tests/routes/test_dashboard_routes.py, line 60
  def test_admin_access_any_user_workouts(logged_in_admin, init_database):
E       fixture 'logged_in_admin' not found
&gt;       available fixtures: admin_auth_headers, admin_auth_token, app, auth_headers, auth_token, cache, capfd, capfdbinary, caplog, capsys, capsysbinary, client, database, doctest_namespace, monkeypatch, pytestconfig, record_property, record_testsuite_property, record_xml_attribute, recwarn, test_admin_user, test_user, test_workout, tmp_path, tmp_path_factory, tmpdir, tmpdir_factory
&gt;       use 'pytest --fixtures [testpath]' for help on them.

/Users/tejwani/Downloads/Fittrack/FitTrack/tests/routes/test_dashboard_routes.py:60</error></testcase><testcase classname="Downloads.Fittrack.FitTrack.tests.routes.test_dashboard_routes" name="test_start_workout_session_endpoint_requires_login" time="0.012"><error message="failed on setup with &quot;file /Users/tejwani/Downloads/Fittrack/FitTrack/tests/routes/test_dashboard_routes.py, line 72&#10;  def test_start_workout_session_endpoint_requires_login(client, init_database):&#10;E       fixture 'init_database' not found&#10;&gt;       available fixtures: admin_auth_headers, admin_auth_token, app, auth_headers, auth_token, cache, capfd, capfdbinary, caplog, capsys, capsysbinary, client, database, doctest_namespace, monkeypatch, pytestconfig, record_property, record_testsuite_property, record_xml_attribute, recwarn, test_admin_user, test_user, test_workout, tmp_path, tmp_path_factory, tmpdir, tmpdir_factory&#10;&gt;       use 'pytest --fixtures [testpath]' for help on them.&#10;&#10;/Users/tejwani/Downloads/Fittrack/FitTrack/tests/routes/test_dashboard_routes.py:72&quot;">file /Users/tejwani/Downloads/Fittrack/FitTrack/tests/routes/test_dashboard_routes.py, line 72
  def test_start_workout_session_endpoint_requires_login(client, init_database):
E       fixture 'init_database' not found
&gt;       available fixtures: admin_auth_headers, admin_auth_token, app, auth_headers, auth_token, cache, capfd, capfdbinary, caplog, capsys, capsysbinary, client, database, doctest_namespace, monkeypatch, pytestconfig, record_property, record_testsuite_property, record_xml_attribute, recwarn, test_admin_user, test_user, test_workout, tmp_path, tmp_path_factory, tmpdir, tmpdir_factory
&gt;       use 'pytest --fixtures [testpath]' for help on them.

/Users/tejwani/Downloads/Fittrack/FitTrack/tests/routes/test_dashboard_routes.py:72</error></testcase><testcase classname="Downloads.Fittrack.FitTrack.tests.routes.test_dashboard_routes" name="test_start_workout_session_endpoint_assigned" time="0.000"><error message="failed on setup with &quot;file /Users/tejwani/Downloads/Fittrack/FitTrack/tests/routes/test_dashboard_routes.py, line 80&#10;  def test_start_workout_session_endpoint_assigned(logged_in_client, init_database):&#10;E       fixture 'logged_in_client' not found&#10;&gt;       available fixtures: admin_auth_headers, admin_auth_token, app, auth_headers, auth_token, cache, capfd, capfdbinary, caplog, capsys, capsysbinary, client, database, doctest_namespace, monkeypatch, pytestconfig, record_property, record_testsuite_property, record_xml_attribute, recwarn, test_admin_user, test_user, test_workout, tmp_path, tmp_path_factory, tmpdir, tmpdir_factory&#10;&gt;       use 'pytest --fixtures [testpath]' for help on them.&#10;&#10;/Users/tejwani/Downloads/Fittrack/FitTrack/tests/routes/test_dashboard_routes.py:80&quot;">file /Users/tejwani/Downloads/Fittrack/FitTrack/tests/routes/test_dashboard_routes.py, line 80
  def test_start_workout_session_endpoint_assigned(logged_in_client, init_database):
E       fixture 'logged_in_client' not found
&gt;       available fixtures: admin_auth_headers, admin_auth_token, app, auth_headers, auth_token, cache, capfd, capfdbinary, caplog, capsys, capsysbinary, client, database, doctest_namespace, monkeypatch, pytestconfig, record_property, record_testsuite_property, record_xml_attribute, recwarn, test_admin_user, test_user, test_workout, tmp_path, tmp_path_factory, tmpdir, tmpdir_factory
&gt;       use 'pytest --fixtures [testpath]' for help on them.

/Users/tejwani/Downloads/Fittrack/FitTrack/tests/routes/test_dashboard_routes.py:80</error></testcase><testcase classname="Downloads.Fittrack.FitTrack.tests.routes.test_dashboard_routes" name="test_start_workout_session_endpoint_not_assigned" time="0.001"><error message="failed on setup with &quot;file /Users/tejwani/Downloads/Fittrack/FitTrack/tests/routes/test_dashboard_routes.py, line 86&#10;  def test_start_workout_session_endpoint_not_assigned(logged_in_client, init_database):&#10;E       fixture 'logged_in_client' not found&#10;&gt;       available fixtures: admin_auth_headers, admin_auth_token, app, auth_headers, auth_token, cache, capfd, capfdbinary, caplog, capsys, capsysbinary, client, database, doctest_namespace, monkeypatch, pytestconfig, record_property, record_testsuite_property, record_xml_attribute, recwarn, test_admin_user, test_user, test_workout, tmp_path, tmp_path_factory, tmpdir, tmpdir_factory&#10;&gt;       use 'pytest --fixtures [testpath]' for help on them.&#10;&#10;/Users/tejwani/Downloads/Fittrack/FitTrack/tests/routes/test_dashboard_routes.py:86&quot;">file /Users/tejwani/Downloads/Fittrack/FitTrack/tests/routes/test_dashboard_routes.py, line 86
  def test_start_workout_session_endpoint_not_assigned(logged_in_client, init_database):
E       fixture 'logged_in_client' not found
&gt;       available fixtures: admin_auth_headers, admin_auth_token, app, auth_headers, auth_token, cache, capfd, capfdbinary, caplog, capsys, capsysbinary, client, database, doctest_namespace, monkeypatch, pytestconfig, record_property, record_testsuite_property, record_xml_attribute, recwarn, test_admin_user, test_user, test_workout, tmp_path, tmp_path_factory, tmpdir, tmpdir_factory
&gt;       use 'pytest --fixtures [testpath]' for help on them.

/Users/tejwani/Downloads/Fittrack/FitTrack/tests/routes/test_dashboard_routes.py:86</error></testcase><testcase classname="Downloads.Fittrack.FitTrack.tests.routes.test_dashboard_routes" name="test_start_workout_session_endpoint_nonexistent" time="0.000"><error message="failed on setup with &quot;file /Users/tejwani/Downloads/Fittrack/FitTrack/tests/routes/test_dashboard_routes.py, line 92&#10;  def test_start_workout_session_endpoint_nonexistent(logged_in_client):&#10;E       fixture 'logged_in_client' not found&#10;&gt;       available fixtures: admin_auth_headers, admin_auth_token, app, auth_headers, auth_token, cache, capfd, capfdbinary, caplog, capsys, capsysbinary, client, database, doctest_namespace, monkeypatch, pytestconfig, record_property, record_testsuite_property, record_xml_attribute, recwarn, test_admin_user, test_user, test_workout, tmp_path, tmp_path_factory, tmpdir, tmpdir_factory&#10;&gt;       use 'pytest --fixtures [testpath]' for help on them.&#10;&#10;/Users/tejwani/Downloads/Fittrack/FitTrack/tests/routes/test_dashboard_routes.py:92&quot;">file /Users/tejwani/Downloads/Fittrack/FitTrack/tests/routes/test_dashboard_routes.py, line 92
  def test_start_workout_session_endpoint_nonexistent(logged_in_client):
E       fixture 'logged_in_client' not found
&gt;       available fixtures: admin_auth_headers, admin_auth_token, app, auth_headers, auth_token, cache, capfd, capfdbinary, caplog, capsys, capsysbinary, client, database, doctest_namespace, monkeypatch, pytestconfig, record_property, record_testsuite_property, record_xml_attribute, recwarn, test_admin_user, test_user, test_workout, tmp_path, tmp_path_factory, tmpdir, tmpdir_factory
&gt;       use 'pytest --fixtures [testpath]' for help on them.

/Users/tejwani/Downloads/Fittrack/FitTrack/tests/routes/test_dashboard_routes.py:92</error></testcase><testcase classname="Downloads.Fittrack.FitTrack.tests.routes.test_session_log_routes.TestSessionLogRoutes" name="test_create_session_log" time="0.070"><error message="failed on setup with &quot;file /Users/tejwani/Downloads/Fittrack/FitTrack/tests/routes/test_session_log_routes.py, line 7&#10;      def test_create_session_log(self, client, auth_headers, test_user, test_exercises, test_workout_assignment):&#10;E       fixture 'test_exercises' not found&#10;&gt;       available fixtures: admin_auth_headers, admin_auth_token, app, auth_headers, auth_token, cache, capfd, capfdbinary, caplog, capsys, capsysbinary, client, database, doctest_namespace, monkeypatch, pytestconfig, record_property, record_testsuite_property, record_xml_attribute, recwarn, test_admin_user, test_user, test_workout, tmp_path, tmp_path_factory, tmpdir, tmpdir_factory&#10;&gt;       use 'pytest --fixtures [testpath]' for help on them.&#10;&#10;/Users/tejwani/Downloads/Fittrack/FitTrack/tests/routes/test_session_log_routes.py:7&quot;">file /Users/tejwani/Downloads/Fittrack/FitTrack/tests/routes/test_session_log_routes.py, line 7
      def test_create_session_log(self, client, auth_headers, test_user, test_exercises, test_workout_assignment):
E       fixture 'test_exercises' not found
&gt;       available fixtures: admin_auth_headers, admin_auth_token, app, auth_headers, auth_token, cache, capfd, capfdbinary, caplog, capsys, capsysbinary, client, database, doctest_namespace, monkeypatch, pytestconfig, record_property, record_testsuite_property, record_xml_attribute, recwarn, test_admin_user, test_user, test_workout, tmp_path, tmp_path_factory, tmpdir, tmpdir_factory
&gt;       use 'pytest --fixtures [testpath]' for help on them.

/Users/tejwani/Downloads/Fittrack/FitTrack/tests/routes/test_session_log_routes.py:7</error></testcase><testcase classname="Downloads.Fittrack.FitTrack.tests.routes.test_session_log_routes.TestSessionLogRoutes" name="test_get_session_logs" time="0.068"><error message="failed on setup with &quot;file /Users/tejwani/Downloads/Fittrack/FitTrack/tests/routes/test_session_log_routes.py, line 65&#10;      def test_get_session_logs(self, client, auth_headers, test_user, test_workout_session):&#10;E       fixture 'test_workout_session' not found&#10;&gt;       available fixtures: admin_auth_headers, admin_auth_token, app, auth_headers, auth_token, cache, capfd, capfdbinary, caplog, capsys, capsysbinary, client, database, doctest_namespace, monkeypatch, pytestconfig, record_property, record_testsuite_property, record_xml_attribute, recwarn, test_admin_user, test_user, test_workout, tmp_path, tmp_path_factory, tmpdir, tmpdir_factory&#10;&gt;       use 'pytest --fixtures [testpath]' for help on them.&#10;&#10;/Users/tejwani/Downloads/Fittrack/FitTrack/tests/routes/test_session_log_routes.py:65&quot;">file /Users/tejwani/Downloads/Fittrack/FitTrack/tests/routes/test_session_log_routes.py, line 65
      def test_get_session_logs(self, client, auth_headers, test_user, test_workout_session):
E       fixture 'test_workout_session' not found
&gt;       available fixtures: admin_auth_headers, admin_auth_token, app, auth_headers, auth_token, cache, capfd, capfdbinary, caplog, capsys, capsysbinary, client, database, doctest_namespace, monkeypatch, pytestconfig, record_property, record_testsuite_property, record_xml_attribute, recwarn, test_admin_user, test_user, test_workout, tmp_path, tmp_path_factory, tmpdir, tmpdir_factory
&gt;       use 'pytest --fixtures [testpath]' for help on them.

/Users/tejwani/Downloads/Fittrack/FitTrack/tests/routes/test_session_log_routes.py:65</error></testcase><testcase classname="Downloads.Fittrack.FitTrack.tests.routes.test_session_log_routes.TestSessionLogRoutes" name="test_get_single_session_log" time="0.067"><error message="failed on setup with &quot;file /Users/tejwani/Downloads/Fittrack/FitTrack/tests/routes/test_session_log_routes.py, line 106&#10;      def test_get_single_session_log(self, client, auth_headers, test_workout_session):&#10;E       fixture 'test_workout_session' not found&#10;&gt;       available fixtures: admin_auth_headers, admin_auth_token, app, auth_headers, auth_token, cache, capfd, capfdbinary, caplog, capsys, capsysbinary, client, database, doctest_namespace, monkeypatch, pytestconfig, record_property, record_testsuite_property, record_xml_attribute, recwarn, test_admin_user, test_user, test_workout, tmp_path, tmp_path_factory, tmpdir, tmpdir_factory&#10;&gt;       use 'pytest --fixtures [testpath]' for help on them.&#10;&#10;/Users/tejwani/Downloads/Fittrack/FitTrack/tests/routes/test_session_log_routes.py:106&quot;">file /Users/tejwani/Downloads/Fittrack/FitTrack/tests/routes/test_session_log_routes.py, line 106
      def test_get_single_session_log(self, client, auth_headers, test_workout_session):
E       fixture 'test_workout_session' not found
&gt;       available fixtures: admin_auth_headers, admin_auth_token, app, auth_headers, auth_token, cache, capfd, capfdbinary, caplog, capsys, capsysbinary, client, database, doctest_namespace, monkeypatch, pytestconfig, record_property, record_testsuite_property, record_xml_attribute, recwarn, test_admin_user, test_user, test_workout, tmp_path, tmp_path_factory, tmpdir, tmpdir_factory
&gt;       use 'pytest --fixtures [testpath]' for help on them.

/Users/tejwani/Downloads/Fittrack/FitTrack/tests/routes/test_session_log_routes.py:106</error></testcase><testcase classname="Downloads.Fittrack.FitTrack.tests.routes.test_session_log_routes.TestSessionLogRoutes" name="test_update_session_log" time="0.068"><error message="failed on setup with &quot;file /Users/tejwani/Downloads/Fittrack/FitTrack/tests/routes/test_session_log_routes.py, line 139&#10;      def test_update_session_log(self, client, auth_headers, test_workout_session):&#10;E       fixture 'test_workout_session' not found&#10;&gt;       available fixtures: admin_auth_headers, admin_auth_token, app, auth_headers, auth_token, cache, capfd, capfdbinary, caplog, capsys, capsysbinary, client, database, doctest_namespace, monkeypatch, pytestconfig, record_property, record_testsuite_property, record_xml_attribute, recwarn, test_admin_user, test_user, test_workout, tmp_path, tmp_path_factory, tmpdir, tmpdir_factory&#10;&gt;       use 'pytest --fixtures [testpath]' for help on them.&#10;&#10;/Users/tejwani/Downloads/Fittrack/FitTrack/tests/routes/test_session_log_routes.py:139&quot;">file /Users/tejwani/Downloads/Fittrack/FitTrack/tests/routes/test_session_log_routes.py, line 139
      def test_update_session_log(self, client, auth_headers, test_workout_session):
E       fixture 'test_workout_session' not found
&gt;       available fixtures: admin_auth_headers, admin_auth_token, app, auth_headers, auth_token, cache, capfd, capfdbinary, caplog, capsys, capsysbinary, client, database, doctest_namespace, monkeypatch, pytestconfig, record_property, record_testsuite_property, record_xml_attribute, recwarn, test_admin_user, test_user, test_workout, tmp_path, tmp_path_factory, tmpdir, tmpdir_factory
&gt;       use 'pytest --fixtures [testpath]' for help on them.

/Users/tejwani/Downloads/Fittrack/FitTrack/tests/routes/test_session_log_routes.py:139</error></testcase><testcase classname="Downloads.Fittrack.FitTrack.tests.routes.test_session_log_routes.TestSessionLogRoutes" name="test_delete_session_log" time="0.093"><error message="failed on setup with &quot;file /Users/tejwani/Downloads/Fittrack/FitTrack/tests/routes/test_session_log_routes.py, line 168&#10;      def test_delete_session_log(self, client, auth_headers, test_workout_session):&#10;E       fixture 'test_workout_session' not found&#10;&gt;       available fixtures: admin_auth_headers, admin_auth_token, app, auth_headers, auth_token, cache, capfd, capfdbinary, caplog, capsys, capsysbinary, client, database, doctest_namespace, monkeypatch, pytestconfig, record_property, record_testsuite_property, record_xml_attribute, recwarn, test_admin_user, test_user, test_workout, tmp_path, tmp_path_factory, tmpdir, tmpdir_factory&#10;&gt;       use 'pytest --fixtures [testpath]' for help on them.&#10;&#10;/Users/tejwani/Downloads/Fittrack/FitTrack/tests/routes/test_session_log_routes.py:168&quot;">file /Users/tejwani/Downloads/Fittrack/FitTrack/tests/routes/test_session_log_routes.py, line 168
      def test_delete_session_log(self, client, auth_headers, test_workout_session):
E       fixture 'test_workout_session' not found
&gt;       available fixtures: admin_auth_headers, admin_auth_token, app, auth_headers, auth_token, cache, capfd, capfdbinary, caplog, capsys, capsysbinary, client, database, doctest_namespace, monkeypatch, pytestconfig, record_property, record_testsuite_property, record_xml_attribute, recwarn, test_admin_user, test_user, test_workout, tmp_path, tmp_path_factory, tmpdir, tmpdir_factory
&gt;       use 'pytest --fixtures [testpath]' for help on them.

/Users/tejwani/Downloads/Fittrack/FitTrack/tests/routes/test_session_log_routes.py:168</error></testcase><testcase classname="Downloads.Fittrack.FitTrack.tests.schemas.test_session_log_schema.TestSessionLogSchema" name="test_session_log_serialization" time="0.013"><error message="failed on setup with &quot;file /Users/tejwani/Downloads/Fittrack/FitTrack/tests/schemas/test_session_log_schema.py, line 120&#10;      def test_session_log_serialization(self, app, test_workout_session):&#10;E       fixture 'test_workout_session' not found&#10;&gt;       available fixtures: admin_auth_headers, admin_auth_token, app, auth_headers, auth_token, cache, capfd, capfdbinary, caplog, capsys, capsysbinary, client, database, doctest_namespace, monkeypatch, pytestconfig, record_property, record_testsuite_property, record_xml_attribute, recwarn, test_admin_user, test_user, test_workout, tmp_path, tmp_path_factory, tmpdir, tmpdir_factory&#10;&gt;       use 'pytest --fixtures [testpath]' for help on them.&#10;&#10;/Users/tejwani/Downloads/Fittrack/FitTrack/tests/schemas/test_session_log_schema.py:120&quot;">file /Users/tejwani/Downloads/Fittrack/FitTrack/tests/schemas/test_session_log_schema.py, line 120
      def test_session_log_serialization(self, app, test_workout_session):
E       fixture 'test_workout_session' not found
&gt;       available fixtures: admin_auth_headers, admin_auth_token, app, auth_headers, auth_token, cache, capfd, capfdbinary, caplog, capsys, capsysbinary, client, database, doctest_namespace, monkeypatch, pytestconfig, record_property, record_testsuite_property, record_xml_attribute, recwarn, test_admin_user, test_user, test_workout, tmp_path, tmp_path_factory, tmpdir, tmpdir_factory
&gt;       use 'pytest --fixtures [testpath]' for help on them.

/Users/tejwani/Downloads/Fittrack/FitTrack/tests/schemas/test_session_log_schema.py:120</error></testcase><testcase classname="Downloads.Fittrack.FitTrack.tests.schemas.test_session_log_schema.TestSessionLogSchema" name="test_multiple_sessions_serialization" time="0.014"><error message="failed on setup with &quot;file /Users/tejwani/Downloads/Fittrack/FitTrack/tests/schemas/test_session_log_schema.py, line 163&#10;      def test_multiple_sessions_serialization(self, app, test_workout_session):&#10;E       fixture 'test_workout_session' not found&#10;&gt;       available fixtures: admin_auth_headers, admin_auth_token, app, auth_headers, auth_token, cache, capfd, capfdbinary, caplog, capsys, capsysbinary, client, database, doctest_namespace, monkeypatch, pytestconfig, record_property, record_testsuite_property, record_xml_attribute, recwarn, test_admin_user, test_user, test_workout, tmp_path, tmp_path_factory, tmpdir, tmpdir_factory&#10;&gt;       use 'pytest --fixtures [testpath]' for help on them.&#10;&#10;/Users/tejwani/Downloads/Fittrack/FitTrack/tests/schemas/test_session_log_schema.py:163&quot;">file /Users/tejwani/Downloads/Fittrack/FitTrack/tests/schemas/test_session_log_schema.py, line 163
      def test_multiple_sessions_serialization(self, app, test_workout_session):
E       fixture 'test_workout_session' not found
&gt;       available fixtures: admin_auth_headers, admin_auth_token, app, auth_headers, auth_token, cache, capfd, capfdbinary, caplog, capsys, capsysbinary, client, database, doctest_namespace, monkeypatch, pytestconfig, record_property, record_testsuite_property, record_xml_attribute, recwarn, test_admin_user, test_user, test_workout, tmp_path, tmp_path_factory, tmpdir, tmpdir_factory
&gt;       use 'pytest --fixtures [testpath]' for help on them.

/Users/tejwani/Downloads/Fittrack/FitTrack/tests/schemas/test_session_log_schema.py:163</error></testcase><testcase classname="Downloads.Fittrack.FitTrack.tests.test_services.test_assignment_service" name="test_create_assignment_success" time="0.068"><failure message="KeyError: 'user'">app = &lt;Flask 'app'&gt;
auth_headers = {'Authorization': 'Bearer eyJhbGciOiJIUzI1NiIsInR5cCI6IkpXVCJ9.eyJmcmVzaCI6ZmFsc2UsImlhdCI6MTc1MjAwMzQ0MywianRpIjoiOWM...wZSI6ImFjY2VzcyIsInN1YiI6MSwibmJmIjoxNzUyMDAzNDQzLCJleHAiOjE3NTIwMDM3NDN9.R_Mnc1CYlJG1y1YB1vQCGzYx5Oax2eyjetT0KUmu6J8'}
test_workout = &lt;Workout 1: Test Workout&gt;

    def test_create_assignment_success(app, auth_headers, test_workout):
        """Test creating an assignment successfully"""
        with app.app_context():
&gt;           user = auth_headers['user']
E           KeyError: 'user'

app        = &lt;Flask 'app'&gt;
auth_headers = {'Authorization': 'Bearer eyJhbGciOiJIUzI1NiIsInR5cCI6IkpXVCJ9.eyJmcmVzaCI6ZmFsc2UsImlhdCI6MTc1MjAwMzQ0MywianRpIjoiOWM...wZSI6ImFjY2VzcyIsInN1YiI6MSwibmJmIjoxNzUyMDAzNDQzLCJleHAiOjE3NTIwMDM3NDN9.R_Mnc1CYlJG1y1YB1vQCGzYx5Oax2eyjetT0KUmu6J8'}
test_workout = &lt;Workout 1: Test Workout&gt;

tests/test_services/test_assignment_service.py:10: KeyError</failure></testcase><testcase classname="Downloads.Fittrack.FitTrack.tests.test_services.test_assignment_service" name="test_create_assignment_success" time="0.009"><error message="failed on teardown with &quot;sqlalchemy.exc.SAWarning: DELETE statement on table 'workout_assignments' expected to delete 1 row(s); 0 were matched.  Please set confirm_deleted_rows=False within the mapper configuration to prevent this warning.&quot;">app = &lt;Flask 'app'&gt;, test_user = &lt;User testuser: User&gt;

    @pytest.fixture
    def test_workout(app, test_user):
        """Create a test workout for the test user."""
        with app.app_context():
            workout = Workout(
                title="Test Workout",
                description="Test workout description",
                workout_type="strength",
                # focus_area="upper body",
                # difficulty="beginner",
                duration=30,
                user_id=test_user.id
            )
            db.session.add(workout)
            db.session.commit()
    
            # Create a workout assignment
            assignment = WorkoutAssignment(
                user_id=test_user.id,
                workout_id=workout.id,
                # is_active=True,
                assigned_date=datetime.utcnow()
            )
            db.session.add(assignment)
            db.session.commit()
    
            yield workout
    
            # Clean up
            db.session.delete(assignment)
            db.session.delete(workout)
&gt;           db.session.commit()

app        = &lt;Flask 'app'&gt;
assignment = &lt;[DetachedInstanceError('Instance &lt;WorkoutAssignment at 0x1065497e0&gt; is not bound to a Session; attribute refresh operation cannot proceed') raised in repr()] WorkoutAssignment object at 0x1065497e0&gt;
test_user  = &lt;User testuser: User&gt;
workout    = &lt;[DetachedInstanceError('Instance &lt;Workout at 0x106383850&gt; is not bound to a Session; attribute refresh operation cannot proceed') raised in repr()] Workout object at 0x106383850&gt;

tests/conftest.py:486: 
_ _ _ _ _ _ _ _ _ _ _ _ _ _ _ _ _ _ _ _ _ _ _ _ _ _ _ _ _ _ _ _ _ _ _ _ _ _ _ _ _ _ _ _ _ _ _ _ _ _ _ _ _ _ _ _ _ _ _ _ _ _ _ _ _ _ _ _ _ _ _ _ _ _ _ _ 
venv/lib/python3.10/site-packages/sqlalchemy/orm/scoping.py:599: in commit
    return self._proxied.commit()
        self       = &lt;sqlalchemy.orm.scoping.scoped_session object at 0x105795e70&gt;
venv/lib/python3.10/site-packages/sqlalchemy/orm/session.py:2032: in commit
    trans.commit(_to_root=True)
        self       = &lt;sqlalchemy.orm.session.Session object at 0x1063820b0&gt;
        trans      = &lt;sqlalchemy.orm.session.SessionTransaction object at 0x1063ec580&gt;
venv/lib/python3.10/site-packages/sqlalchemy/orm/state_changes.py:139: in _go
    ret_value = fn(self, *arg, **kw)
        arg        = ()
        current_state = &lt;SessionTransactionState.ACTIVE: 1&gt;
        existing_fn = None
        expect_state = &lt;SessionTransactionState.CLOSED: 5&gt;
        expect_state_change = True
        fn         = &lt;function SessionTransaction.commit at 0x105156170&gt;
        has_prerequisite_states = True
        kw         = {'_to_root': True}
        moves_to   = &lt;SessionTransactionState.CLOSED: 5&gt;
        next_state = &lt;_StateChangeStates.ANY: 1&gt;
        prerequisite_state_collection = (&lt;SessionTransactionState.ACTIVE: 1&gt;, &lt;SessionTransactionState.PREPARED: 2&gt;)
        self       = &lt;sqlalchemy.orm.session.SessionTransaction object at 0x1063ec580&gt;
venv/lib/python3.10/site-packages/sqlalchemy/orm/session.py:1313: in commit
    self._prepare_impl()
        _to_root   = True
        self       = &lt;sqlalchemy.orm.session.SessionTransaction object at 0x1063ec580&gt;
venv/lib/python3.10/site-packages/sqlalchemy/orm/state_changes.py:139: in _go
    ret_value = fn(self, *arg, **kw)
        arg        = ()
        current_state = &lt;SessionTransactionState.ACTIVE: 1&gt;
        existing_fn = &lt;function SessionTransaction.commit at 0x105156170&gt;
        expect_state = &lt;SessionTransactionState.PREPARED: 2&gt;
        expect_state_change = True
        fn         = &lt;function SessionTransaction._prepare_impl at 0x105155fc0&gt;
        has_prerequisite_states = True
        kw         = {}
        moves_to   = &lt;SessionTransactionState.PREPARED: 2&gt;
        next_state = &lt;SessionTransactionState.PREPARED: 2&gt;
        prerequisite_state_collection = (&lt;SessionTransactionState.ACTIVE: 1&gt;,)
        self       = &lt;sqlalchemy.orm.session.SessionTransaction object at 0x1063ec580&gt;
venv/lib/python3.10/site-packages/sqlalchemy/orm/session.py:1288: in _prepare_impl
    self.session.flush()
        _flush_guard = 0
        self       = &lt;sqlalchemy.orm.session.SessionTransaction object at 0x1063ec580&gt;
        stx        = &lt;sqlalchemy.orm.session.SessionTransaction object at 0x1063ec580&gt;
venv/lib/python3.10/site-packages/sqlalchemy/orm/session.py:4345: in flush
    self._flush(objects)
        objects    = None
        self       = &lt;sqlalchemy.orm.session.Session object at 0x1063820b0&gt;
venv/lib/python3.10/site-packages/sqlalchemy/orm/session.py:4480: in _flush
    with util.safe_reraise():
        _reg       = True
        deleted    = {&lt;sqlalchemy.orm.state.InstanceState object at 0x1064d2da0&gt;, &lt;sqlalchemy.orm.state.InstanceState object at 0x1066003a0&gt;}
        dirty      = set()
        flush_context = &lt;sqlalchemy.orm.unitofwork.UOWTransaction object at 0x1104874f0&gt;
        new        = set()
        objects    = None
        objset     = None
        proc       = {&lt;sqlalchemy.orm.state.InstanceState object at 0x1064d2da0&gt;, &lt;sqlalchemy.orm.state.InstanceState object at 0x1066003a0&gt;}
        processed  = set()
        self       = &lt;sqlalchemy.orm.session.Session object at 0x1063820b0&gt;
        state      = &lt;sqlalchemy.orm.state.InstanceState object at 0x1066003a0&gt;
        transaction = &lt;sqlalchemy.orm.session.SessionTransaction object at 0x106977ac0&gt;
venv/lib/python3.10/site-packages/sqlalchemy/util/langhelpers.py:224: in __exit__
    raise exc_value.with_traceback(exc_tb)
        exc_tb     = &lt;traceback object at 0x106405fc0&gt;
        exc_type   = &lt;class 'sqlalchemy.exc.SAWarning'&gt;
        exc_value  = SAWarning("DELETE statement on table 'workout_assignments' expected to delete 1 row(s); 0 were matched.  Please set confirm_deleted_rows=False within the mapper configuration to prevent this warning.")
        self       = &lt;sqlalchemy.util.langhelpers.safe_reraise object at 0x110484820&gt;
        traceback  = None
        type_      = None
        value      = None
venv/lib/python3.10/site-packages/sqlalchemy/orm/session.py:4441: in _flush
    flush_context.execute()
        _reg       = True
        deleted    = {&lt;sqlalchemy.orm.state.InstanceState object at 0x1064d2da0&gt;, &lt;sqlalchemy.orm.state.InstanceState object at 0x1066003a0&gt;}
        dirty      = set()
        flush_context = &lt;sqlalchemy.orm.unitofwork.UOWTransaction object at 0x1104874f0&gt;
        new        = set()
        objects    = None
        objset     = None
        proc       = {&lt;sqlalchemy.orm.state.InstanceState object at 0x1064d2da0&gt;, &lt;sqlalchemy.orm.state.InstanceState object at 0x1066003a0&gt;}
        processed  = set()
        self       = &lt;sqlalchemy.orm.session.Session object at 0x1063820b0&gt;
        state      = &lt;sqlalchemy.orm.state.InstanceState object at 0x1066003a0&gt;
        transaction = &lt;sqlalchemy.orm.session.SessionTransaction object at 0x106977ac0&gt;
venv/lib/python3.10/site-packages/sqlalchemy/orm/unitofwork.py:466: in execute
    rec.execute(self)
        postsort_actions = [DeleteAll(Mapper[User(users)]), DeleteAll(Mapper[Workout(workouts)]), DeleteAll(Mapper[WorkoutAssignment(workout_assi...Workout.assignments), isdelete=True), ProcessAll(ManyToOneDP(WorkoutAssignment.assigned_workout), isdelete=False), ...]
        rec        = DeleteAll(Mapper[WorkoutAssignment(workout_assignments)])
        self       = &lt;sqlalchemy.orm.unitofwork.UOWTransaction object at 0x1104874f0&gt;
venv/lib/python3.10/site-packages/sqlalchemy/orm/unitofwork.py:679: in execute
    util.preloaded.orm_persistence.delete_obj(
        self       = DeleteAll(Mapper[WorkoutAssignment(workout_assignments)])
        uow        = &lt;sqlalchemy.orm.unitofwork.UOWTransaction object at 0x1104874f0&gt;
venv/lib/python3.10/site-packages/sqlalchemy/orm/persistence.py:193: in delete_obj
    _emit_delete_statements(
        base_mapper = &lt;Mapper at 0x105869b70; WorkoutAssignment&gt;
        delete     = &lt;generator object _collect_delete_commands at 0x106b44820&gt;
        mapper     = &lt;Mapper at 0x105869b70; WorkoutAssignment&gt;
        states     = &lt;generator object UOWTransaction.states_for_mapper_hierarchy at 0x106b44900&gt;
        states_to_delete = [(&lt;sqlalchemy.orm.state.InstanceState object at 0x1066003a0&gt;, {'_sa_instance_state': &lt;sqlalchemy.orm.state.InstanceSta...6003a0&gt;}, &lt;Mapper at 0x105869b70; WorkoutAssignment&gt;, &lt;sqlalchemy.engine.base.Connection object at 0x10644c820&gt;, None)]
        table      = Table('workout_assignments', MetaData(), Column('id', Integer(), table=&lt;workout_assignments&gt;, primary_key=True, nullab...&gt;), Column('is_active', Boolean(), table=&lt;workout_assignments&gt;, default=ScalarElementColumnDefault(True)), schema=None)
        table_to_mapper = {Table('workout_assignments', MetaData(), Column('id', Integer(), table=&lt;workout_assignments&gt;, primary_key=True, nulla...kout_assignments&gt;, default=ScalarElementColumnDefault(True)), schema=None): &lt;Mapper at 0x105869b70; WorkoutAssignment&gt;}
        uowtransaction = &lt;sqlalchemy.orm.unitofwork.UOWTransaction object at 0x1104874f0&gt;
venv/lib/python3.10/site-packages/sqlalchemy/orm/persistence.py:1486: in _emit_delete_statements
    util.warn(
        base_mapper = &lt;Mapper at 0x105869b70; WorkoutAssignment&gt;
        c          = &lt;sqlalchemy.engine.cursor.CursorResult object at 0x1063fec20&gt;
        connection = &lt;sqlalchemy.engine.base.Connection object at 0x10644c820&gt;
        del_objects = [{'id': 1}]
        delete     = &lt;generator object _collect_delete_commands at 0x106b44820&gt;
        delete_stmt = &lt;function _emit_delete_statements.&lt;locals&gt;.delete_stmt at 0x10647cb80&gt;
        execution_options = {'compiled_cache': &lt;sqlalchemy.util._collections.LRUCache object at 0x1067e3fb0&gt;}
        expected   = 1
        mapper     = &lt;Mapper at 0x105869b70; WorkoutAssignment&gt;
        need_version_id = False
        only_warn  = True
        recs       = &lt;itertools._grouper object at 0x110484e20&gt;
        rows_matched = 0
        statement  = &lt;sqlalchemy.sql.dml.Delete object at 0x1067ec7f0&gt;
        table      = Table('workout_assignments', MetaData(), Column('id', Integer(), table=&lt;workout_assignments&gt;, primary_key=True, nullab...&gt;), Column('is_active', Boolean(), table=&lt;workout_assignments&gt;, default=ScalarElementColumnDefault(True)), schema=None)
        uowtransaction = &lt;sqlalchemy.orm.unitofwork.UOWTransaction object at 0x1104874f0&gt;
venv/lib/python3.10/site-packages/sqlalchemy/util/langhelpers.py:1902: in warn
    _warnings_warn(msg, exc.SAWarning)
        code       = None
        msg        = "DELETE statement on table 'workout_assignments' expected to delete 1 row(s); 0 were matched.  Please set confirm_deleted_rows=False within the mapper configuration to prevent this warning."
_ _ _ _ _ _ _ _ _ _ _ _ _ _ _ _ _ _ _ _ _ _ _ _ _ _ _ _ _ _ _ _ _ _ _ _ _ _ _ _ _ _ _ _ _ _ _ _ _ _ _ _ _ _ _ _ _ _ _ _ _ _ _ _ _ _ _ _ _ _ _ _ _ _ _ _ 

message = "DELETE statement on table 'workout_assignments' expected to delete 1 row(s); 0 were matched.  Please set confirm_deleted_rows=False within the mapper configuration to prevent this warning."
category = &lt;class 'sqlalchemy.exc.SAWarning'&gt;, stacklevel = 16

    def _warnings_warn(
        message: Union[str, Warning],
        category: Optional[Type[Warning]] = None,
        stacklevel: int = 2,
    ) -&gt; None:
        # adjust the given stacklevel to be outside of SQLAlchemy
        try:
            frame = sys._getframe(stacklevel)
        except ValueError:
            # being called from less than 3 (or given) stacklevels, weird,
            # but don't crash
            stacklevel = 0
        except:
            # _getframe() doesn't work, weird interpreter issue, weird,
            # ok, but don't crash
            stacklevel = 0
        else:
            stacklevel_found = warning_tag_found = False
            while frame is not None:
                # using __name__ here requires that we have __name__ in the
                # __globals__ of the decorated string functions we make also.
                # we generate this using {"__name__": fn.__module__}
                if not stacklevel_found and not re.match(
                    _not_sa_pattern, frame.f_globals.get("__name__", "")
                ):
                    # stop incrementing stack level if an out-of-SQLA line
                    # were found.
                    stacklevel_found = True
    
                    # however, for the warning tag thing, we have to keep
                    # scanning up the whole traceback
    
                if frame.f_code in _warning_tags:
                    warning_tag_found = True
                    (_suffix, _category) = _warning_tags[frame.f_code]
                    category = category or _category
                    message = f"{message} ({_suffix})"
    
                frame = frame.f_back  # type: ignore[assignment]
    
                if not stacklevel_found:
                    stacklevel += 1
                elif stacklevel_found and warning_tag_found:
                    break
    
        if category is not None:
&gt;           warnings.warn(message, category, stacklevel=stacklevel + 1)
E           sqlalchemy.exc.SAWarning: DELETE statement on table 'workout_assignments' expected to delete 1 row(s); 0 were matched.  Please set confirm_deleted_rows=False within the mapper configuration to prevent this warning.

category   = &lt;class 'sqlalchemy.exc.SAWarning'&gt;
frame      = None
message    = "DELETE statement on table 'workout_assignments' expected to delete 1 row(s); 0 were matched.  Please set confirm_deleted_rows=False within the mapper configuration to prevent this warning."
stacklevel = 16
stacklevel_found = True
warning_tag_found = False

venv/lib/python3.10/site-packages/sqlalchemy/util/langhelpers.py:1977: SAWarning</error></testcase><testcase classname="Downloads.Fittrack.FitTrack.tests.test_services.test_assignment_service" name="test_create_assignment_duplicate" time="0.074"><error message="failed on setup with &quot;file /Users/tejwani/Downloads/Fittrack/FitTrack/tests/test_services/test_assignment_service.py, line 26&#10;  def test_create_assignment_duplicate(app, auth_headers, test_assignment):&#10;E       fixture 'test_assignment' not found&#10;&gt;       available fixtures: admin_auth_headers, admin_auth_token, app, auth_headers, auth_token, cache, capfd, capfdbinary, caplog, capsys, capsysbinary, client, database, doctest_namespace, monkeypatch, pytestconfig, record_property, record_testsuite_property, record_xml_attribute, recwarn, test_admin_user, test_user, test_workout, tmp_path, tmp_path_factory, tmpdir, tmpdir_factory&#10;&gt;       use 'pytest --fixtures [testpath]' for help on them.&#10;&#10;/Users/tejwani/Downloads/Fittrack/FitTrack/tests/test_services/test_assignment_service.py:26&quot;">file /Users/tejwani/Downloads/Fittrack/FitTrack/tests/test_services/test_assignment_service.py, line 26
  def test_create_assignment_duplicate(app, auth_headers, test_assignment):
E       fixture 'test_assignment' not found
&gt;       available fixtures: admin_auth_headers, admin_auth_token, app, auth_headers, auth_token, cache, capfd, capfdbinary, caplog, capsys, capsysbinary, client, database, doctest_namespace, monkeypatch, pytestconfig, record_property, record_testsuite_property, record_xml_attribute, recwarn, test_admin_user, test_user, test_workout, tmp_path, tmp_path_factory, tmpdir, tmpdir_factory
&gt;       use 'pytest --fixtures [testpath]' for help on them.

/Users/tejwani/Downloads/Fittrack/FitTrack/tests/test_services/test_assignment_service.py:26</error></testcase><testcase classname="Downloads.Fittrack.FitTrack.tests.test_services.test_assignment_service" name="test_create_assignment_invalid_user" time="0.092"><error message="failed on teardown with &quot;sqlalchemy.exc.SAWarning: DELETE statement on table 'workout_assignments' expected to delete 1 row(s); 0 were matched.  Please set confirm_deleted_rows=False within the mapper configuration to prevent this warning.&quot;">app = &lt;Flask 'app'&gt;, test_user = &lt;User testuser: User&gt;

    @pytest.fixture
    def test_workout(app, test_user):
        """Create a test workout for the test user."""
        with app.app_context():
            workout = Workout(
                title="Test Workout",
                description="Test workout description",
                workout_type="strength",
                # focus_area="upper body",
                # difficulty="beginner",
                duration=30,
                user_id=test_user.id
            )
            db.session.add(workout)
            db.session.commit()
    
            # Create a workout assignment
            assignment = WorkoutAssignment(
                user_id=test_user.id,
                workout_id=workout.id,
                # is_active=True,
                assigned_date=datetime.utcnow()
            )
            db.session.add(assignment)
            db.session.commit()
    
            yield workout
    
            # Clean up
            db.session.delete(assignment)
            db.session.delete(workout)
&gt;           db.session.commit()

app        = &lt;Flask 'app'&gt;
assignment = &lt;[DetachedInstanceError('Instance &lt;WorkoutAssignment at 0x10644db70&gt; is not bound to a Session; attribute refresh operation cannot proceed') raised in repr()] WorkoutAssignment object at 0x10644db70&gt;
test_user  = &lt;User testuser: User&gt;
workout    = &lt;[DetachedInstanceError('Instance &lt;Workout at 0x10644ee30&gt; is not bound to a Session; attribute refresh operation cannot proceed') raised in repr()] Workout object at 0x10644ee30&gt;

tests/conftest.py:486: 
_ _ _ _ _ _ _ _ _ _ _ _ _ _ _ _ _ _ _ _ _ _ _ _ _ _ _ _ _ _ _ _ _ _ _ _ _ _ _ _ _ _ _ _ _ _ _ _ _ _ _ _ _ _ _ _ _ _ _ _ _ _ _ _ _ _ _ _ _ _ _ _ _ _ _ _ 
venv/lib/python3.10/site-packages/sqlalchemy/orm/scoping.py:599: in commit
    return self._proxied.commit()
        self       = &lt;sqlalchemy.orm.scoping.scoped_session object at 0x105795e70&gt;
venv/lib/python3.10/site-packages/sqlalchemy/orm/session.py:2032: in commit
    trans.commit(_to_root=True)
        self       = &lt;sqlalchemy.orm.session.Session object at 0x10644e590&gt;
        trans      = &lt;sqlalchemy.orm.session.SessionTransaction object at 0x106887940&gt;
venv/lib/python3.10/site-packages/sqlalchemy/orm/state_changes.py:139: in _go
    ret_value = fn(self, *arg, **kw)
        arg        = ()
        current_state = &lt;SessionTransactionState.ACTIVE: 1&gt;
        existing_fn = None
        expect_state = &lt;SessionTransactionState.CLOSED: 5&gt;
        expect_state_change = True
        fn         = &lt;function SessionTransaction.commit at 0x105156170&gt;
        has_prerequisite_states = True
        kw         = {'_to_root': True}
        moves_to   = &lt;SessionTransactionState.CLOSED: 5&gt;
        next_state = &lt;_StateChangeStates.ANY: 1&gt;
        prerequisite_state_collection = (&lt;SessionTransactionState.ACTIVE: 1&gt;, &lt;SessionTransactionState.PREPARED: 2&gt;)
        self       = &lt;sqlalchemy.orm.session.SessionTransaction object at 0x106887940&gt;
venv/lib/python3.10/site-packages/sqlalchemy/orm/session.py:1313: in commit
    self._prepare_impl()
        _to_root   = True
        self       = &lt;sqlalchemy.orm.session.SessionTransaction object at 0x106887940&gt;
venv/lib/python3.10/site-packages/sqlalchemy/orm/state_changes.py:139: in _go
    ret_value = fn(self, *arg, **kw)
        arg        = ()
        current_state = &lt;SessionTransactionState.ACTIVE: 1&gt;
        existing_fn = &lt;function SessionTransaction.commit at 0x105156170&gt;
        expect_state = &lt;SessionTransactionState.PREPARED: 2&gt;
        expect_state_change = True
        fn         = &lt;function SessionTransaction._prepare_impl at 0x105155fc0&gt;
        has_prerequisite_states = True
        kw         = {}
        moves_to   = &lt;SessionTransactionState.PREPARED: 2&gt;
        next_state = &lt;SessionTransactionState.PREPARED: 2&gt;
        prerequisite_state_collection = (&lt;SessionTransactionState.ACTIVE: 1&gt;,)
        self       = &lt;sqlalchemy.orm.session.SessionTransaction object at 0x106887940&gt;
venv/lib/python3.10/site-packages/sqlalchemy/orm/session.py:1288: in _prepare_impl
    self.session.flush()
        _flush_guard = 0
        self       = &lt;sqlalchemy.orm.session.SessionTransaction object at 0x106887940&gt;
        stx        = &lt;sqlalchemy.orm.session.SessionTransaction object at 0x106887940&gt;
venv/lib/python3.10/site-packages/sqlalchemy/orm/session.py:4345: in flush
    self._flush(objects)
        objects    = None
        self       = &lt;sqlalchemy.orm.session.Session object at 0x10644e590&gt;
venv/lib/python3.10/site-packages/sqlalchemy/orm/session.py:4480: in _flush
    with util.safe_reraise():
        _reg       = True
        deleted    = {&lt;sqlalchemy.orm.state.InstanceState object at 0x1068e6020&gt;, &lt;sqlalchemy.orm.state.InstanceState object at 0x1066ef220&gt;}
        dirty      = set()
        flush_context = &lt;sqlalchemy.orm.unitofwork.UOWTransaction object at 0x10667b670&gt;
        new        = set()
        objects    = None
        objset     = None
        proc       = {&lt;sqlalchemy.orm.state.InstanceState object at 0x1068e6020&gt;, &lt;sqlalchemy.orm.state.InstanceState object at 0x1066ef220&gt;}
        processed  = set()
        self       = &lt;sqlalchemy.orm.session.Session object at 0x10644e590&gt;
        state      = &lt;sqlalchemy.orm.state.InstanceState object at 0x1066ef220&gt;
        transaction = &lt;sqlalchemy.orm.session.SessionTransaction object at 0x106484a40&gt;
venv/lib/python3.10/site-packages/sqlalchemy/util/langhelpers.py:224: in __exit__
    raise exc_value.with_traceback(exc_tb)
        exc_tb     = &lt;traceback object at 0x1068ff200&gt;
        exc_type   = &lt;class 'sqlalchemy.exc.SAWarning'&gt;
        exc_value  = SAWarning("DELETE statement on table 'workout_assignments' expected to delete 1 row(s); 0 were matched.  Please set confirm_deleted_rows=False within the mapper configuration to prevent this warning.")
        self       = &lt;sqlalchemy.util.langhelpers.safe_reraise object at 0x110341fc0&gt;
        traceback  = None
        type_      = None
        value      = None
venv/lib/python3.10/site-packages/sqlalchemy/orm/session.py:4441: in _flush
    flush_context.execute()
        _reg       = True
        deleted    = {&lt;sqlalchemy.orm.state.InstanceState object at 0x1068e6020&gt;, &lt;sqlalchemy.orm.state.InstanceState object at 0x1066ef220&gt;}
        dirty      = set()
        flush_context = &lt;sqlalchemy.orm.unitofwork.UOWTransaction object at 0x10667b670&gt;
        new        = set()
        objects    = None
        objset     = None
        proc       = {&lt;sqlalchemy.orm.state.InstanceState object at 0x1068e6020&gt;, &lt;sqlalchemy.orm.state.InstanceState object at 0x1066ef220&gt;}
        processed  = set()
        self       = &lt;sqlalchemy.orm.session.Session object at 0x10644e590&gt;
        state      = &lt;sqlalchemy.orm.state.InstanceState object at 0x1066ef220&gt;
        transaction = &lt;sqlalchemy.orm.session.SessionTransaction object at 0x106484a40&gt;
venv/lib/python3.10/site-packages/sqlalchemy/orm/unitofwork.py:466: in execute
    rec.execute(self)
        postsort_actions = [DeleteAll(Mapper[User(users)]), DeleteAll(Mapper[Workout(workouts)]), DeleteAll(Mapper[WorkoutAssignment(workout_assi...Workout.assignments), isdelete=True), ProcessAll(ManyToOneDP(WorkoutAssignment.assigned_workout), isdelete=False), ...]
        rec        = DeleteAll(Mapper[WorkoutAssignment(workout_assignments)])
        self       = &lt;sqlalchemy.orm.unitofwork.UOWTransaction object at 0x10667b670&gt;
venv/lib/python3.10/site-packages/sqlalchemy/orm/unitofwork.py:679: in execute
    util.preloaded.orm_persistence.delete_obj(
        self       = DeleteAll(Mapper[WorkoutAssignment(workout_assignments)])
        uow        = &lt;sqlalchemy.orm.unitofwork.UOWTransaction object at 0x10667b670&gt;
venv/lib/python3.10/site-packages/sqlalchemy/orm/persistence.py:193: in delete_obj
    _emit_delete_statements(
        base_mapper = &lt;Mapper at 0x105869b70; WorkoutAssignment&gt;
        delete     = &lt;generator object _collect_delete_commands at 0x106a10740&gt;
        mapper     = &lt;Mapper at 0x105869b70; WorkoutAssignment&gt;
        states     = &lt;generator object UOWTransaction.states_for_mapper_hierarchy at 0x106889000&gt;
        states_to_delete = [(&lt;sqlalchemy.orm.state.InstanceState object at 0x1066ef220&gt;, {'_sa_instance_state': &lt;sqlalchemy.orm.state.InstanceSta...6ef220&gt;}, &lt;Mapper at 0x105869b70; WorkoutAssignment&gt;, &lt;sqlalchemy.engine.base.Connection object at 0x1103404c0&gt;, None)]
        table      = Table('workout_assignments', MetaData(), Column('id', Integer(), table=&lt;workout_assignments&gt;, primary_key=True, nullab...&gt;), Column('is_active', Boolean(), table=&lt;workout_assignments&gt;, default=ScalarElementColumnDefault(True)), schema=None)
        table_to_mapper = {Table('workout_assignments', MetaData(), Column('id', Integer(), table=&lt;workout_assignments&gt;, primary_key=True, nulla...kout_assignments&gt;, default=ScalarElementColumnDefault(True)), schema=None): &lt;Mapper at 0x105869b70; WorkoutAssignment&gt;}
        uowtransaction = &lt;sqlalchemy.orm.unitofwork.UOWTransaction object at 0x10667b670&gt;
venv/lib/python3.10/site-packages/sqlalchemy/orm/persistence.py:1486: in _emit_delete_statements
    util.warn(
        base_mapper = &lt;Mapper at 0x105869b70; WorkoutAssignment&gt;
        c          = &lt;sqlalchemy.engine.cursor.CursorResult object at 0x1066ed1e0&gt;
        connection = &lt;sqlalchemy.engine.base.Connection object at 0x1103404c0&gt;
        del_objects = [{'id': 1}]
        delete     = &lt;generator object _collect_delete_commands at 0x106a10740&gt;
        delete_stmt = &lt;function _emit_delete_statements.&lt;locals&gt;.delete_stmt at 0x106089750&gt;
        execution_options = {'compiled_cache': &lt;sqlalchemy.util._collections.LRUCache object at 0x1067e3fb0&gt;}
        expected   = 1
        mapper     = &lt;Mapper at 0x105869b70; WorkoutAssignment&gt;
        need_version_id = False
        only_warn  = True
        recs       = &lt;itertools._grouper object at 0x110341630&gt;
        rows_matched = 0
        statement  = &lt;sqlalchemy.sql.dml.Delete object at 0x1067ec7f0&gt;
        table      = Table('workout_assignments', MetaData(), Column('id', Integer(), table=&lt;workout_assignments&gt;, primary_key=True, nullab...&gt;), Column('is_active', Boolean(), table=&lt;workout_assignments&gt;, default=ScalarElementColumnDefault(True)), schema=None)
        uowtransaction = &lt;sqlalchemy.orm.unitofwork.UOWTransaction object at 0x10667b670&gt;
venv/lib/python3.10/site-packages/sqlalchemy/util/langhelpers.py:1902: in warn
    _warnings_warn(msg, exc.SAWarning)
        code       = None
        msg        = "DELETE statement on table 'workout_assignments' expected to delete 1 row(s); 0 were matched.  Please set confirm_deleted_rows=False within the mapper configuration to prevent this warning."
_ _ _ _ _ _ _ _ _ _ _ _ _ _ _ _ _ _ _ _ _ _ _ _ _ _ _ _ _ _ _ _ _ _ _ _ _ _ _ _ _ _ _ _ _ _ _ _ _ _ _ _ _ _ _ _ _ _ _ _ _ _ _ _ _ _ _ _ _ _ _ _ _ _ _ _ 

message = "DELETE statement on table 'workout_assignments' expected to delete 1 row(s); 0 were matched.  Please set confirm_deleted_rows=False within the mapper configuration to prevent this warning."
category = &lt;class 'sqlalchemy.exc.SAWarning'&gt;, stacklevel = 16

    def _warnings_warn(
        message: Union[str, Warning],
        category: Optional[Type[Warning]] = None,
        stacklevel: int = 2,
    ) -&gt; None:
        # adjust the given stacklevel to be outside of SQLAlchemy
        try:
            frame = sys._getframe(stacklevel)
        except ValueError:
            # being called from less than 3 (or given) stacklevels, weird,
            # but don't crash
            stacklevel = 0
        except:
            # _getframe() doesn't work, weird interpreter issue, weird,
            # ok, but don't crash
            stacklevel = 0
        else:
            stacklevel_found = warning_tag_found = False
            while frame is not None:
                # using __name__ here requires that we have __name__ in the
                # __globals__ of the decorated string functions we make also.
                # we generate this using {"__name__": fn.__module__}
                if not stacklevel_found and not re.match(
                    _not_sa_pattern, frame.f_globals.get("__name__", "")
                ):
                    # stop incrementing stack level if an out-of-SQLA line
                    # were found.
                    stacklevel_found = True
    
                    # however, for the warning tag thing, we have to keep
                    # scanning up the whole traceback
    
                if frame.f_code in _warning_tags:
                    warning_tag_found = True
                    (_suffix, _category) = _warning_tags[frame.f_code]
                    category = category or _category
                    message = f"{message} ({_suffix})"
    
                frame = frame.f_back  # type: ignore[assignment]
    
                if not stacklevel_found:
                    stacklevel += 1
                elif stacklevel_found and warning_tag_found:
                    break
    
        if category is not None:
&gt;           warnings.warn(message, category, stacklevel=stacklevel + 1)
E           sqlalchemy.exc.SAWarning: DELETE statement on table 'workout_assignments' expected to delete 1 row(s); 0 were matched.  Please set confirm_deleted_rows=False within the mapper configuration to prevent this warning.

category   = &lt;class 'sqlalchemy.exc.SAWarning'&gt;
frame      = None
message    = "DELETE statement on table 'workout_assignments' expected to delete 1 row(s); 0 were matched.  Please set confirm_deleted_rows=False within the mapper configuration to prevent this warning."
stacklevel = 16
stacklevel_found = True
warning_tag_found = False

venv/lib/python3.10/site-packages/sqlalchemy/util/langhelpers.py:1977: SAWarning</error></testcase><testcase classname="Downloads.Fittrack.FitTrack.tests.test_services.test_assignment_service" name="test_create_assignment_invalid_workout" time="0.070"><failure message="KeyError: 'user'">app = &lt;Flask 'app'&gt;
auth_headers = {'Authorization': 'Bearer eyJhbGciOiJIUzI1NiIsInR5cCI6IkpXVCJ9.eyJmcmVzaCI6ZmFsc2UsImlhdCI6MTc1MjAwMzQ0NCwianRpIjoiZjc...wZSI6ImFjY2VzcyIsInN1YiI6MSwibmJmIjoxNzUyMDAzNDQ0LCJleHAiOjE3NTIwMDM3NDR9.SURW3cG7W3ocyDN7cSEe81vd7Zar5d3hHDLnYrS1yJY'}

    def test_create_assignment_invalid_workout(app, auth_headers):
        """Test creating an assignment with invalid workout"""
        with app.app_context():
&gt;           user = auth_headers['user']
E           KeyError: 'user'

app        = &lt;Flask 'app'&gt;
auth_headers = {'Authorization': 'Bearer eyJhbGciOiJIUzI1NiIsInR5cCI6IkpXVCJ9.eyJmcmVzaCI6ZmFsc2UsImlhdCI6MTc1MjAwMzQ0NCwianRpIjoiZjc...wZSI6ImFjY2VzcyIsInN1YiI6MSwibmJmIjoxNzUyMDAzNDQ0LCJleHAiOjE3NTIwMDM3NDR9.SURW3cG7W3ocyDN7cSEe81vd7Zar5d3hHDLnYrS1yJY'}

tests/test_services/test_assignment_service.py:60: KeyError</failure></testcase><testcase classname="Downloads.Fittrack.FitTrack.tests.test_services.test_assignment_service" name="test_remove_assignment_success" time="0.012"><error message="failed on setup with &quot;file /Users/tejwani/Downloads/Fittrack/FitTrack/tests/test_services/test_assignment_service.py, line 73&#10;  def test_remove_assignment_success(app, test_assignment):&#10;E       fixture 'test_assignment' not found&#10;&gt;       available fixtures: admin_auth_headers, admin_auth_token, app, auth_headers, auth_token, cache, capfd, capfdbinary, caplog, capsys, capsysbinary, client, database, doctest_namespace, monkeypatch, pytestconfig, record_property, record_testsuite_property, record_xml_attribute, recwarn, test_admin_user, test_user, test_workout, tmp_path, tmp_path_factory, tmpdir, tmpdir_factory&#10;&gt;       use 'pytest --fixtures [testpath]' for help on them.&#10;&#10;/Users/tejwani/Downloads/Fittrack/FitTrack/tests/test_services/test_assignment_service.py:73&quot;">file /Users/tejwani/Downloads/Fittrack/FitTrack/tests/test_services/test_assignment_service.py, line 73
  def test_remove_assignment_success(app, test_assignment):
E       fixture 'test_assignment' not found
&gt;       available fixtures: admin_auth_headers, admin_auth_token, app, auth_headers, auth_token, cache, capfd, capfdbinary, caplog, capsys, capsysbinary, client, database, doctest_namespace, monkeypatch, pytestconfig, record_property, record_testsuite_property, record_xml_attribute, recwarn, test_admin_user, test_user, test_workout, tmp_path, tmp_path_factory, tmpdir, tmpdir_factory
&gt;       use 'pytest --fixtures [testpath]' for help on them.

/Users/tejwani/Downloads/Fittrack/FitTrack/tests/test_services/test_assignment_service.py:73</error></testcase><testcase classname="Downloads.Fittrack.FitTrack.tests.test_services.test_assignment_service" name="test_remove_assignment_not_found" time="0.069"><failure message="KeyError: 'user'">app = &lt;Flask 'app'&gt;
auth_headers = {'Authorization': 'Bearer eyJhbGciOiJIUzI1NiIsInR5cCI6IkpXVCJ9.eyJmcmVzaCI6ZmFsc2UsImlhdCI6MTc1MjAwMzQ0NCwianRpIjoiZDk...wZSI6ImFjY2VzcyIsInN1YiI6MSwibmJmIjoxNzUyMDAzNDQ0LCJleHAiOjE3NTIwMDM3NDR9.2m7VSwIedYfeC0CtAc3UsRkvXQdX3KijtdsVaJ2jAIc'}

    def test_remove_assignment_not_found(app, auth_headers):
        """Test removing a non-existent assignment"""
        with app.app_context():
&gt;           user = auth_headers['user']
E           KeyError: 'user'

app        = &lt;Flask 'app'&gt;
auth_headers = {'Authorization': 'Bearer eyJhbGciOiJIUzI1NiIsInR5cCI6IkpXVCJ9.eyJmcmVzaCI6ZmFsc2UsImlhdCI6MTc1MjAwMzQ0NCwianRpIjoiZDk...wZSI6ImFjY2VzcyIsInN1YiI6MSwibmJmIjoxNzUyMDAzNDQ0LCJleHAiOjE3NTIwMDM3NDR9.2m7VSwIedYfeC0CtAc3UsRkvXQdX3KijtdsVaJ2jAIc'}

tests/test_services/test_assignment_service.py:95: KeyError</failure></testcase><testcase classname="Downloads.Fittrack.FitTrack.tests.test_services.test_assignment_service" name="test_replace_assignment_success" time="0.070"><error message="failed on setup with &quot;file /Users/tejwani/Downloads/Fittrack/FitTrack/tests/test_services/test_assignment_service.py, line 108&#10;  def test_replace_assignment_success(app, auth_headers, test_assignment, test_workout):&#10;E       fixture 'test_assignment' not found&#10;&gt;       available fixtures: admin_auth_headers, admin_auth_token, app, auth_headers, auth_token, cache, capfd, capfdbinary, caplog, capsys, capsysbinary, client, database, doctest_namespace, monkeypatch, pytestconfig, record_property, record_testsuite_property, record_xml_attribute, recwarn, test_admin_user, test_user, test_workout, tmp_path, tmp_path_factory, tmpdir, tmpdir_factory&#10;&gt;       use 'pytest --fixtures [testpath]' for help on them.&#10;&#10;/Users/tejwani/Downloads/Fittrack/FitTrack/tests/test_services/test_assignment_service.py:108&quot;">file /Users/tejwani/Downloads/Fittrack/FitTrack/tests/test_services/test_assignment_service.py, line 108
  def test_replace_assignment_success(app, auth_headers, test_assignment, test_workout):
E       fixture 'test_assignment' not found
&gt;       available fixtures: admin_auth_headers, admin_auth_token, app, auth_headers, auth_token, cache, capfd, capfdbinary, caplog, capsys, capsysbinary, client, database, doctest_namespace, monkeypatch, pytestconfig, record_property, record_testsuite_property, record_xml_attribute, recwarn, test_admin_user, test_user, test_workout, tmp_path, tmp_path_factory, tmpdir, tmpdir_factory
&gt;       use 'pytest --fixtures [testpath]' for help on them.

/Users/tejwani/Downloads/Fittrack/FitTrack/tests/test_services/test_assignment_service.py:108</error></testcase><testcase classname="Downloads.Fittrack.FitTrack.tests.test_services.test_assignment_service" name="test_replace_assignment_same_workout" time="0.070"><error message="failed on setup with &quot;file /Users/tejwani/Downloads/Fittrack/FitTrack/tests/test_services/test_assignment_service.py, line 147&#10;  def test_replace_assignment_same_workout(app, auth_headers, test_assignment):&#10;E       fixture 'test_assignment' not found&#10;&gt;       available fixtures: admin_auth_headers, admin_auth_token, app, auth_headers, auth_token, cache, capfd, capfdbinary, caplog, capsys, capsysbinary, client, database, doctest_namespace, monkeypatch, pytestconfig, record_property, record_testsuite_property, record_xml_attribute, recwarn, test_admin_user, test_user, test_workout, tmp_path, tmp_path_factory, tmpdir, tmpdir_factory&#10;&gt;       use 'pytest --fixtures [testpath]' for help on them.&#10;&#10;/Users/tejwani/Downloads/Fittrack/FitTrack/tests/test_services/test_assignment_service.py:147&quot;">file /Users/tejwani/Downloads/Fittrack/FitTrack/tests/test_services/test_assignment_service.py, line 147
  def test_replace_assignment_same_workout(app, auth_headers, test_assignment):
E       fixture 'test_assignment' not found
&gt;       available fixtures: admin_auth_headers, admin_auth_token, app, auth_headers, auth_token, cache, capfd, capfdbinary, caplog, capsys, capsysbinary, client, database, doctest_namespace, monkeypatch, pytestconfig, record_property, record_testsuite_property, record_xml_attribute, recwarn, test_admin_user, test_user, test_workout, tmp_path, tmp_path_factory, tmpdir, tmpdir_factory
&gt;       use 'pytest --fixtures [testpath]' for help on them.

/Users/tejwani/Downloads/Fittrack/FitTrack/tests/test_services/test_assignment_service.py:147</error></testcase><testcase classname="Downloads.Fittrack.FitTrack.tests.test_services.test_assignment_service" name="test_replace_assignment_invalid_workout" time="0.071"><error message="failed on setup with &quot;file /Users/tejwani/Downloads/Fittrack/FitTrack/tests/test_services/test_assignment_service.py, line 164&#10;  def test_replace_assignment_invalid_workout(app, auth_headers, test_assignment):&#10;E       fixture 'test_assignment' not found&#10;&gt;       available fixtures: admin_auth_headers, admin_auth_token, app, auth_headers, auth_token, cache, capfd, capfdbinary, caplog, capsys, capsysbinary, client, database, doctest_namespace, monkeypatch, pytestconfig, record_property, record_testsuite_property, record_xml_attribute, recwarn, test_admin_user, test_user, test_workout, tmp_path, tmp_path_factory, tmpdir, tmpdir_factory&#10;&gt;       use 'pytest --fixtures [testpath]' for help on them.&#10;&#10;/Users/tejwani/Downloads/Fittrack/FitTrack/tests/test_services/test_assignment_service.py:164&quot;">file /Users/tejwani/Downloads/Fittrack/FitTrack/tests/test_services/test_assignment_service.py, line 164
  def test_replace_assignment_invalid_workout(app, auth_headers, test_assignment):
E       fixture 'test_assignment' not found
&gt;       available fixtures: admin_auth_headers, admin_auth_token, app, auth_headers, auth_token, cache, capfd, capfdbinary, caplog, capsys, capsysbinary, client, database, doctest_namespace, monkeypatch, pytestconfig, record_property, record_testsuite_property, record_xml_attribute, recwarn, test_admin_user, test_user, test_workout, tmp_path, tmp_path_factory, tmpdir, tmpdir_factory
&gt;       use 'pytest --fixtures [testpath]' for help on them.

/Users/tejwani/Downloads/Fittrack/FitTrack/tests/test_services/test_assignment_service.py:164</error></testcase><testcase classname="Downloads.Fittrack.FitTrack.tests.test_services.test_assignment_service" name="test_mark_assignment_complete" time="0.013"><error message="failed on setup with &quot;file /Users/tejwani/Downloads/Fittrack/FitTrack/tests/test_services/test_assignment_service.py, line 184&#10;  def test_mark_assignment_complete(app, test_assignment):&#10;E       fixture 'test_assignment' not found&#10;&gt;       available fixtures: admin_auth_headers, admin_auth_token, app, auth_headers, auth_token, cache, capfd, capfdbinary, caplog, capsys, capsysbinary, client, database, doctest_namespace, monkeypatch, pytestconfig, record_property, record_testsuite_property, record_xml_attribute, recwarn, test_admin_user, test_user, test_workout, tmp_path, tmp_path_factory, tmpdir, tmpdir_factory&#10;&gt;       use 'pytest --fixtures [testpath]' for help on them.&#10;&#10;/Users/tejwani/Downloads/Fittrack/FitTrack/tests/test_services/test_assignment_service.py:184&quot;">file /Users/tejwani/Downloads/Fittrack/FitTrack/tests/test_services/test_assignment_service.py, line 184
  def test_mark_assignment_complete(app, test_assignment):
E       fixture 'test_assignment' not found
&gt;       available fixtures: admin_auth_headers, admin_auth_token, app, auth_headers, auth_token, cache, capfd, capfdbinary, caplog, capsys, capsysbinary, client, database, doctest_namespace, monkeypatch, pytestconfig, record_property, record_testsuite_property, record_xml_attribute, recwarn, test_admin_user, test_user, test_workout, tmp_path, tmp_path_factory, tmpdir, tmpdir_factory
&gt;       use 'pytest --fixtures [testpath]' for help on them.

/Users/tejwani/Downloads/Fittrack/FitTrack/tests/test_services/test_assignment_service.py:184</error></testcase><testcase classname="Downloads.Fittrack.FitTrack.tests.test_services.test_assignment_service" name="test_get_user_assignments" time="0.099"><error message="failed on setup with &quot;file /Users/tejwani/Downloads/Fittrack/FitTrack/tests/test_services/test_assignment_service.py, line 200&#10;  def test_get_user_assignments(app, auth_headers, test_assignment):&#10;E       fixture 'test_assignment' not found&#10;&gt;       available fixtures: admin_auth_headers, admin_auth_token, app, auth_headers, auth_token, cache, capfd, capfdbinary, caplog, capsys, capsysbinary, client, database, doctest_namespace, monkeypatch, pytestconfig, record_property, record_testsuite_property, record_xml_attribute, recwarn, test_admin_user, test_user, test_workout, tmp_path, tmp_path_factory, tmpdir, tmpdir_factory&#10;&gt;       use 'pytest --fixtures [testpath]' for help on them.&#10;&#10;/Users/tejwani/Downloads/Fittrack/FitTrack/tests/test_services/test_assignment_service.py:200&quot;">file /Users/tejwani/Downloads/Fittrack/FitTrack/tests/test_services/test_assignment_service.py, line 200
  def test_get_user_assignments(app, auth_headers, test_assignment):
E       fixture 'test_assignment' not found
&gt;       available fixtures: admin_auth_headers, admin_auth_token, app, auth_headers, auth_token, cache, capfd, capfdbinary, caplog, capsys, capsysbinary, client, database, doctest_namespace, monkeypatch, pytestconfig, record_property, record_testsuite_property, record_xml_attribute, recwarn, test_admin_user, test_user, test_workout, tmp_path, tmp_path_factory, tmpdir, tmpdir_factory
&gt;       use 'pytest --fixtures [testpath]' for help on them.

/Users/tejwani/Downloads/Fittrack/FitTrack/tests/test_services/test_assignment_service.py:200</error></testcase><testcase classname="Downloads.Fittrack.FitTrack.tests.test_services.test_session_log_service.TestSessionLogService" name="test_create_session_log" time="0.070"><error message="failed on setup with &quot;file /Users/tejwani/Downloads/Fittrack/FitTrack/tests/test_services/test_session_log_service.py, line 8&#10;      def test_create_session_log(self, app, test_user, test_exercises, test_workout_assignment):&#10;E       fixture 'test_exercises' not found&#10;&gt;       available fixtures: admin_auth_headers, admin_auth_token, app, auth_headers, auth_token, cache, capfd, capfdbinary, caplog, capsys, capsysbinary, client, database, doctest_namespace, monkeypatch, pytestconfig, record_property, record_testsuite_property, record_xml_attribute, recwarn, test_admin_user, test_user, test_workout, tmp_path, tmp_path_factory, tmpdir, tmpdir_factory&#10;&gt;       use 'pytest --fixtures [testpath]' for help on them.&#10;&#10;/Users/tejwani/Downloads/Fittrack/FitTrack/tests/test_services/test_session_log_service.py:8&quot;">file /Users/tejwani/Downloads/Fittrack/FitTrack/tests/test_services/test_session_log_service.py, line 8
      def test_create_session_log(self, app, test_user, test_exercises, test_workout_assignment):
E       fixture 'test_exercises' not found
&gt;       available fixtures: admin_auth_headers, admin_auth_token, app, auth_headers, auth_token, cache, capfd, capfdbinary, caplog, capsys, capsysbinary, client, database, doctest_namespace, monkeypatch, pytestconfig, record_property, record_testsuite_property, record_xml_attribute, recwarn, test_admin_user, test_user, test_workout, tmp_path, tmp_path_factory, tmpdir, tmpdir_factory
&gt;       use 'pytest --fixtures [testpath]' for help on them.

/Users/tejwani/Downloads/Fittrack/FitTrack/tests/test_services/test_session_log_service.py:8</error></testcase><testcase classname="Downloads.Fittrack.FitTrack.tests.test_services.test_session_log_service.TestSessionLogService" name="test_get_session_logs_with_filters" time="0.073"><error message="failed on setup with &quot;file /Users/tejwani/Downloads/Fittrack/FitTrack/tests/test_services/test_session_log_service.py, line 81&#10;      def test_get_session_logs_with_filters(self, app, test_user, test_workout_session):&#10;E       fixture 'test_workout_session' not found&#10;&gt;       available fixtures: admin_auth_headers, admin_auth_token, app, auth_headers, auth_token, cache, capfd, capfdbinary, caplog, capsys, capsysbinary, client, database, doctest_namespace, monkeypatch, pytestconfig, record_property, record_testsuite_property, record_xml_attribute, recwarn, test_admin_user, test_user, test_workout, tmp_path, tmp_path_factory, tmpdir, tmpdir_factory&#10;&gt;       use 'pytest --fixtures [testpath]' for help on them.&#10;&#10;/Users/tejwani/Downloads/Fittrack/FitTrack/tests/test_services/test_session_log_service.py:81&quot;">file /Users/tejwani/Downloads/Fittrack/FitTrack/tests/test_services/test_session_log_service.py, line 81
      def test_get_session_logs_with_filters(self, app, test_user, test_workout_session):
E       fixture 'test_workout_session' not found
&gt;       available fixtures: admin_auth_headers, admin_auth_token, app, auth_headers, auth_token, cache, capfd, capfdbinary, caplog, capsys, capsysbinary, client, database, doctest_namespace, monkeypatch, pytestconfig, record_property, record_testsuite_property, record_xml_attribute, recwarn, test_admin_user, test_user, test_workout, tmp_path, tmp_path_factory, tmpdir, tmpdir_factory
&gt;       use 'pytest --fixtures [testpath]' for help on them.

/Users/tejwani/Downloads/Fittrack/FitTrack/tests/test_services/test_session_log_service.py:81</error></testcase><testcase classname="Downloads.Fittrack.FitTrack.tests.test_services.test_session_log_service.TestSessionLogService" name="test_get_session_log_by_id" time="0.013"><error message="failed on setup with &quot;file /Users/tejwani/Downloads/Fittrack/FitTrack/tests/test_services/test_session_log_service.py, line 124&#10;      def test_get_session_log_by_id(self, app, test_workout_session):&#10;E       fixture 'test_workout_session' not found&#10;&gt;       available fixtures: admin_auth_headers, admin_auth_token, app, auth_headers, auth_token, cache, capfd, capfdbinary, caplog, capsys, capsysbinary, client, database, doctest_namespace, monkeypatch, pytestconfig, record_property, record_testsuite_property, record_xml_attribute, recwarn, test_admin_user, test_user, test_workout, tmp_path, tmp_path_factory, tmpdir, tmpdir_factory&#10;&gt;       use 'pytest --fixtures [testpath]' for help on them.&#10;&#10;/Users/tejwani/Downloads/Fittrack/FitTrack/tests/test_services/test_session_log_service.py:124&quot;">file /Users/tejwani/Downloads/Fittrack/FitTrack/tests/test_services/test_session_log_service.py, line 124
      def test_get_session_log_by_id(self, app, test_workout_session):
E       fixture 'test_workout_session' not found
&gt;       available fixtures: admin_auth_headers, admin_auth_token, app, auth_headers, auth_token, cache, capfd, capfdbinary, caplog, capsys, capsysbinary, client, database, doctest_namespace, monkeypatch, pytestconfig, record_property, record_testsuite_property, record_xml_attribute, recwarn, test_admin_user, test_user, test_workout, tmp_path, tmp_path_factory, tmpdir, tmpdir_factory
&gt;       use 'pytest --fixtures [testpath]' for help on them.

/Users/tejwani/Downloads/Fittrack/FitTrack/tests/test_services/test_session_log_service.py:124</error></testcase><testcase classname="Downloads.Fittrack.FitTrack.tests.test_services.test_session_log_service.TestSessionLogService" name="test_update_session_log" time="0.013"><error message="failed on setup with &quot;file /Users/tejwani/Downloads/Fittrack/FitTrack/tests/test_services/test_session_log_service.py, line 138&#10;      def test_update_session_log(self, app, test_workout_session):&#10;E       fixture 'test_workout_session' not found&#10;&gt;       available fixtures: admin_auth_headers, admin_auth_token, app, auth_headers, auth_token, cache, capfd, capfdbinary, caplog, capsys, capsysbinary, client, database, doctest_namespace, monkeypatch, pytestconfig, record_property, record_testsuite_property, record_xml_attribute, recwarn, test_admin_user, test_user, test_workout, tmp_path, tmp_path_factory, tmpdir, tmpdir_factory&#10;&gt;       use 'pytest --fixtures [testpath]' for help on them.&#10;&#10;/Users/tejwani/Downloads/Fittrack/FitTrack/tests/test_services/test_session_log_service.py:138&quot;">file /Users/tejwani/Downloads/Fittrack/FitTrack/tests/test_services/test_session_log_service.py, line 138
      def test_update_session_log(self, app, test_workout_session):
E       fixture 'test_workout_session' not found
&gt;       available fixtures: admin_auth_headers, admin_auth_token, app, auth_headers, auth_token, cache, capfd, capfdbinary, caplog, capsys, capsysbinary, client, database, doctest_namespace, monkeypatch, pytestconfig, record_property, record_testsuite_property, record_xml_attribute, recwarn, test_admin_user, test_user, test_workout, tmp_path, tmp_path_factory, tmpdir, tmpdir_factory
&gt;       use 'pytest --fixtures [testpath]' for help on them.

/Users/tejwani/Downloads/Fittrack/FitTrack/tests/test_services/test_session_log_service.py:138</error></testcase><testcase classname="Downloads.Fittrack.FitTrack.tests.test_services.test_session_log_service.TestSessionLogService" name="test_delete_session_log" time="0.012"><error message="failed on setup with &quot;file /Users/tejwani/Downloads/Fittrack/FitTrack/tests/test_services/test_session_log_service.py, line 159&#10;      def test_delete_session_log(self, app, test_workout_session):&#10;E       fixture 'test_workout_session' not found&#10;&gt;       available fixtures: admin_auth_headers, admin_auth_token, app, auth_headers, auth_token, cache, capfd, capfdbinary, caplog, capsys, capsysbinary, client, database, doctest_namespace, monkeypatch, pytestconfig, record_property, record_testsuite_property, record_xml_attribute, recwarn, test_admin_user, test_user, test_workout, tmp_path, tmp_path_factory, tmpdir, tmpdir_factory&#10;&gt;       use 'pytest --fixtures [testpath]' for help on them.&#10;&#10;/Users/tejwani/Downloads/Fittrack/FitTrack/tests/test_services/test_session_log_service.py:159&quot;">file /Users/tejwani/Downloads/Fittrack/FitTrack/tests/test_services/test_session_log_service.py, line 159
      def test_delete_session_log(self, app, test_workout_session):
E       fixture 'test_workout_session' not found
&gt;       available fixtures: admin_auth_headers, admin_auth_token, app, auth_headers, auth_token, cache, capfd, capfdbinary, caplog, capsys, capsysbinary, client, database, doctest_namespace, monkeypatch, pytestconfig, record_property, record_testsuite_property, record_xml_attribute, recwarn, test_admin_user, test_user, test_workout, tmp_path, tmp_path_factory, tmpdir, tmpdir_factory
&gt;       use 'pytest --fixtures [testpath]' for help on them.

/Users/tejwani/Downloads/Fittrack/FitTrack/tests/test_services/test_session_log_service.py:159</error></testcase><testcase classname="Downloads.Fittrack.FitTrack.tests.test_services.test_workout_service" name="test_get_user_assigned_workouts" time="0.001"><error message="failed on setup with &quot;file /Users/tejwani/Downloads/Fittrack/FitTrack/tests/test_services/test_workout_service.py, line 5&#10;  def test_get_user_assigned_workouts(init_database):&#10;E       fixture 'init_database' not found&#10;&gt;       available fixtures: admin_auth_headers, admin_auth_token, app, auth_headers, auth_token, cache, capfd, capfdbinary, caplog, capsys, capsysbinary, client, database, doctest_namespace, monkeypatch, pytestconfig, record_property, record_testsuite_property, record_xml_attribute, recwarn, test_admin_user, test_user, test_workout, tmp_path, tmp_path_factory, tmpdir, tmpdir_factory&#10;&gt;       use 'pytest --fixtures [testpath]' for help on them.&#10;&#10;/Users/tejwani/Downloads/Fittrack/FitTrack/tests/test_services/test_workout_service.py:5&quot;">file /Users/tejwani/Downloads/Fittrack/FitTrack/tests/test_services/test_workout_service.py, line 5
  def test_get_user_assigned_workouts(init_database):
E       fixture 'init_database' not found
&gt;       available fixtures: admin_auth_headers, admin_auth_token, app, auth_headers, auth_token, cache, capfd, capfdbinary, caplog, capsys, capsysbinary, client, database, doctest_namespace, monkeypatch, pytestconfig, record_property, record_testsuite_property, record_xml_attribute, recwarn, test_admin_user, test_user, test_workout, tmp_path, tmp_path_factory, tmpdir, tmpdir_factory
&gt;       use 'pytest --fixtures [testpath]' for help on them.

/Users/tejwani/Downloads/Fittrack/FitTrack/tests/test_services/test_workout_service.py:5</error></testcase><testcase classname="Downloads.Fittrack.FitTrack.tests.test_services.test_workout_service" name="test_get_user_assigned_workouts_empty" time="0.001"><error message="failed on setup with &quot;file /Users/tejwani/Downloads/Fittrack/FitTrack/tests/test_services/test_workout_service.py, line 25&#10;  def test_get_user_assigned_workouts_empty(init_database):&#10;E       fixture 'init_database' not found&#10;&gt;       available fixtures: admin_auth_headers, admin_auth_token, app, auth_headers, auth_token, cache, capfd, capfdbinary, caplog, capsys, capsysbinary, client, database, doctest_namespace, monkeypatch, pytestconfig, record_property, record_testsuite_property, record_xml_attribute, recwarn, test_admin_user, test_user, test_workout, tmp_path, tmp_path_factory, tmpdir, tmpdir_factory&#10;&gt;       use 'pytest --fixtures [testpath]' for help on them.&#10;&#10;/Users/tejwani/Downloads/Fittrack/FitTrack/tests/test_services/test_workout_service.py:25&quot;">file /Users/tejwani/Downloads/Fittrack/FitTrack/tests/test_services/test_workout_service.py, line 25
  def test_get_user_assigned_workouts_empty(init_database):
E       fixture 'init_database' not found
&gt;       available fixtures: admin_auth_headers, admin_auth_token, app, auth_headers, auth_token, cache, capfd, capfdbinary, caplog, capsys, capsysbinary, client, database, doctest_namespace, monkeypatch, pytestconfig, record_property, record_testsuite_property, record_xml_attribute, recwarn, test_admin_user, test_user, test_workout, tmp_path, tmp_path_factory, tmpdir, tmpdir_factory
&gt;       use 'pytest --fixtures [testpath]' for help on them.

/Users/tejwani/Downloads/Fittrack/FitTrack/tests/test_services/test_workout_service.py:25</error></testcase><testcase classname="Downloads.Fittrack.FitTrack.tests.test_services.test_workout_service" name="test_is_workout_assigned_to_user" time="0.000"><error message="failed on setup with &quot;file /Users/tejwani/Downloads/Fittrack/FitTrack/tests/test_services/test_workout_service.py, line 40&#10;  def test_is_workout_assigned_to_user(init_database):&#10;E       fixture 'init_database' not found&#10;&gt;       available fixtures: admin_auth_headers, admin_auth_token, app, auth_headers, auth_token, cache, capfd, capfdbinary, caplog, capsys, capsysbinary, client, database, doctest_namespace, monkeypatch, pytestconfig, record_property, record_testsuite_property, record_xml_attribute, recwarn, test_admin_user, test_user, test_workout, tmp_path, tmp_path_factory, tmpdir, tmpdir_factory&#10;&gt;       use 'pytest --fixtures [testpath]' for help on them.&#10;&#10;/Users/tejwani/Downloads/Fittrack/FitTrack/tests/test_services/test_workout_service.py:40&quot;">file /Users/tejwani/Downloads/Fittrack/FitTrack/tests/test_services/test_workout_service.py, line 40
  def test_is_workout_assigned_to_user(init_database):
E       fixture 'init_database' not found
&gt;       available fixtures: admin_auth_headers, admin_auth_token, app, auth_headers, auth_token, cache, capfd, capfdbinary, caplog, capsys, capsysbinary, client, database, doctest_namespace, monkeypatch, pytestconfig, record_property, record_testsuite_property, record_xml_attribute, recwarn, test_admin_user, test_user, test_workout, tmp_path, tmp_path_factory, tmpdir, tmpdir_factory
&gt;       use 'pytest --fixtures [testpath]' for help on them.

/Users/tejwani/Downloads/Fittrack/FitTrack/tests/test_services/test_workout_service.py:40</error></testcase><testcase classname="Downloads.Fittrack.FitTrack.tests.test_services.test_workout_service" name="test_is_workout_assigned_to_user_nonexistent" time="0.001"><error message="failed on setup with &quot;file /Users/tejwani/Downloads/Fittrack/FitTrack/tests/test_services/test_workout_service.py, line 63&#10;  def test_is_workout_assigned_to_user_nonexistent(init_database):&#10;E       fixture 'init_database' not found&#10;&gt;       available fixtures: admin_auth_headers, admin_auth_token, app, auth_headers, auth_token, cache, capfd, capfdbinary, caplog, capsys, capsysbinary, client, database, doctest_namespace, monkeypatch, pytestconfig, record_property, record_testsuite_property, record_xml_attribute, recwarn, test_admin_user, test_user, test_workout, tmp_path, tmp_path_factory, tmpdir, tmpdir_factory&#10;&gt;       use 'pytest --fixtures [testpath]' for help on them.&#10;&#10;/Users/tejwani/Downloads/Fittrack/FitTrack/tests/test_services/test_workout_service.py:63&quot;">file /Users/tejwani/Downloads/Fittrack/FitTrack/tests/test_services/test_workout_service.py, line 63
  def test_is_workout_assigned_to_user_nonexistent(init_database):
E       fixture 'init_database' not found
&gt;       available fixtures: admin_auth_headers, admin_auth_token, app, auth_headers, auth_token, cache, capfd, capfdbinary, caplog, capsys, capsysbinary, client, database, doctest_namespace, monkeypatch, pytestconfig, record_property, record_testsuite_property, record_xml_attribute, recwarn, test_admin_user, test_user, test_workout, tmp_path, tmp_path_factory, tmpdir, tmpdir_factory
&gt;       use 'pytest --fixtures [testpath]' for help on them.

/Users/tejwani/Downloads/Fittrack/FitTrack/tests/test_services/test_workout_service.py:63</error></testcase></testsuite></testsuites>